Component: Arm Compiler for Embedded 6.21 Tool: armlink [5ec1fa00]

==============================================================================

Section Cross References

    main.o(.text.main) refers to clock.o(.text.set_spll_sysclk) for set_spll_sysclk
    main.o(.text.main) refers to lpuart.o(.text.init_lpuart_interrupt) for init_lpuart_interrupt
    main.o(.text.main) refers to lpspi.o(.text.init_lpspi) for init_lpspi
    main.o(.text.main) refers to lpspi.o(.text.transmit_data) for transmit_data
    main.o(.text.main) refers to main.o(.text.process_time) for process_time
    main.o(.text.main) refers to main.o(.text.display_) for display_
    main.o(.text.main) refers to main.o(.text.process_alarm) for process_alarm
    main.o(.ARM.exidx.text.main) refers to main.o(.text.main) for [Anonymous Symbol]
    main.o(.text.process_time) refers to main.o(.data.second) for second
    main.o(.text.process_time) refers to main.o(.data.minute) for minute
    main.o(.text.process_time) refers to main.o(.data.hour) for hour
    main.o(.text.process_time) refers to main.o(.data.day) for day
    main.o(.text.process_time) refers to main.o(.data.month) for month
    main.o(.text.process_time) refers to main.o(.data.year) for year
    main.o(.text.process_time) refers to main.o(.text.isleapyear) for isleapyear
    main.o(.text.process_time) refers to main.o(.bss.dayinmonth) for dayinmonth
    main.o(.ARM.exidx.text.process_time) refers to main.o(.text.process_time) for [Anonymous Symbol]
    main.o(.text.display_) refers to main.o(.bss.mode_display) for mode_display
    main.o(.text.display_) refers to main.o(.data.second) for second
    main.o(.text.display_) refers to main.o(.bss.second1) for second1
    main.o(.text.display_) refers to main.o(.bss.second2) for second2
    main.o(.text.display_) refers to main.o(.data.minute) for minute
    main.o(.text.display_) refers to main.o(.bss.minute1) for minute1
    main.o(.text.display_) refers to main.o(.bss.minute2) for minute2
    main.o(.text.display_) refers to main.o(.data.hour) for hour
    main.o(.text.display_) refers to main.o(.bss.hour1) for hour1
    main.o(.text.display_) refers to main.o(.bss.hour2) for hour2
    main.o(.text.display_) refers to lpspi.o(.text.transmit_data) for transmit_data
    main.o(.text.display_) refers to main.o(.data.day) for day
    main.o(.text.display_) refers to main.o(.bss.day1) for day1
    main.o(.text.display_) refers to main.o(.bss.day2) for day2
    main.o(.text.display_) refers to main.o(.data.month) for month
    main.o(.text.display_) refers to main.o(.bss.month1) for month1
    main.o(.text.display_) refers to main.o(.bss.month2) for month2
    main.o(.text.display_) refers to main.o(.data.year) for year
    main.o(.text.display_) refers to main.o(.bss.year1) for year1
    main.o(.text.display_) refers to main.o(.bss.year2) for year2
    main.o(.text.display_) refers to main.o(.bss.year3) for year3
    main.o(.text.display_) refers to main.o(.bss.year4) for year4
    main.o(.text.display_) refers to main.o(.data.alarm_minute) for alarm_minute
    main.o(.text.display_) refers to main.o(.bss.alarm_minute1) for alarm_minute1
    main.o(.text.display_) refers to main.o(.bss.alarm_minute2) for alarm_minute2
    main.o(.text.display_) refers to main.o(.data.alarm_hour) for alarm_hour
    main.o(.text.display_) refers to main.o(.bss.alarm_hour1) for alarm_hour1
    main.o(.text.display_) refers to main.o(.bss.alarm_hour2) for alarm_hour2
    main.o(.ARM.exidx.text.display_) refers to main.o(.text.display_) for [Anonymous Symbol]
    main.o(.text.process_alarm) refers to main.o(.bss.alarmonof) for alarmonof
    main.o(.text.process_alarm) refers to main.o(.data.alarm_hour) for alarm_hour
    main.o(.text.process_alarm) refers to main.o(.data.hour) for hour
    main.o(.text.process_alarm) refers to main.o(.data.alarm_minute) for alarm_minute
    main.o(.text.process_alarm) refers to main.o(.data.minute) for minute
    main.o(.ARM.exidx.text.process_alarm) refers to main.o(.text.process_alarm) for [Anonymous Symbol]
    main.o(.text.proccess_rxlpuart) refers to main.o(.bss.rxlpuart) for rxlpuart
    main.o(.text.proccess_rxlpuart) refers to main.o(.rodata.str1.1) for .L.str
    main.o(.text.proccess_rxlpuart) refers to sscanf.o(.text) for sscanf
    main.o(.text.proccess_rxlpuart) refers to main.o(.data.hour) for hour
    main.o(.text.proccess_rxlpuart) refers to main.o(.data.minute) for minute
    main.o(.text.proccess_rxlpuart) refers to main.o(.data.second) for second
    main.o(.text.proccess_rxlpuart) refers to main.o(.data.day) for day
    main.o(.text.proccess_rxlpuart) refers to main.o(.data.month) for month
    main.o(.text.proccess_rxlpuart) refers to main.o(.data.year) for year
    main.o(.text.proccess_rxlpuart) refers to main.o(.data.alarm_hour) for alarm_hour
[...]
    libinit2.o(.ARM.Collect$$libinit$$0000001A) refers to libinit2.o(.ARM.Collect$$libinit$$00000011) for .ARM.Collect$$libinit$$00000011
    libinit2.o(.ARM.Collect$$libinit$$00000028) refers to argv_veneer.o(.emb_text) for __ARM_argv_veneer
    libinit2.o(.ARM.Collect$$libinit$$00000029) refers to argv_veneer.o(.emb_text) for __ARM_argv_veneer
    libinit5.o(.ARM.Collect$$libinit$$0000000A) refers to libinit5.o(.ARM.Collect$$libinit$$0000271B) for __lit__00000000
    libinit5.o(.ARM.Collect$$libinit$$0000002C) refers to libinit5.o(.ARM.Collect$$libinit$$0000273D) for __lit__00000002
    libinit5.o(.ARM.Collect$$libinit$$0000002C) refers to argv_veneer.o(.emb_text) for __ARM_argv_veneer
    d2f.o(x$fpl$d2f) refers (Special) to usenofp.o(x$fpl$usenofp) for __I$use$fp
    d2f.o(x$fpl$d2f) refers to fretinf.o(x$fpl$fretinf) for __fpl_fretinf
    d2f.o(x$fpl$d2f) refers to dnaninf.o(x$fpl$dnaninf) for __fpl_dnaninf
    deqf.o(x$fpl$deqf) refers (Special) to usenofp.o(x$fpl$usenofp) for __I$use$fp
    deqf.o(x$fpl$deqf) refers to dnaninf.o(x$fpl$dnaninf) for __fpl_dnaninf
    deqf.o(x$fpl$deqf) refers to dcmpi.o(x$fpl$dcmpinf) for __fpl_dcmp_Inf
    drleqf.o(x$fpl$drleqf) refers (Special) to usenofp.o(x$fpl$usenofp) for __I$use$fp
    drleqf.o(x$fpl$drleqf) refers to dleqf.o(x$fpl$dleqf) for __fpl_dcmple_InfNaN
    frexp.o(i.__hardfp_frexp) refers (Special) to usenofp.o(x$fpl$usenofp) for __I$use$fp
    frexp.o(i.__hardfp_frexp) refers to dmul.o(x$fpl$dmul) for __aeabi_dmul
    frexp.o(i.__softfp_frexp) refers (Special) to usenofp.o(x$fpl$usenofp) for __I$use$fp
    frexp.o(i.__softfp_frexp) refers to dmul.o(x$fpl$dmul) for __aeabi_dmul
    frexp.o(i.frexp) refers (Special) to usenofp.o(x$fpl$usenofp) for __I$use$fp
    frexp.o(i.frexp) refers to dmul.o(x$fpl$dmul) for __aeabi_dmul
    rtexit2.o(.ARM.Collect$$rtexit$$00000003) refers to libshutdown.o(.ARM.Collect$$libshutdown$$00000000) for __rt_lib_shutdown
    rtexit2.o(.ARM.Collect$$rtexit$$00000004) refers to sys_exit.o(.text) for _sys_exit
    rtexit2.o(.ARM.exidx) refers to rtexit2.o(.ARM.Collect$$rtexit$$00000001) for .ARM.Collect$$rtexit$$00000001
    rtexit2.o(.ARM.exidx) refers to rtexit2.o(.ARM.Collect$$rtexit$$00000003) for .ARM.Collect$$rtexit$$00000003
    rtexit2.o(.ARM.exidx) refers to rtexit2.o(.ARM.Collect$$rtexit$$00000004) for .ARM.Collect$$rtexit$$00000004
    argv_veneer.o(.emb_text) refers to no_argv.o(.text) for __ARM_get_argv
    dcmpi.o(x$fpl$dcmpinf) refers (Special) to usenofp.o(x$fpl$usenofp) for __I$use$fp
    dleqf.o(x$fpl$dleqf) refers (Special) to usenofp.o(x$fpl$usenofp) for __I$use$fp
    dleqf.o(x$fpl$dleqf) refers to dnaninf.o(x$fpl$dnaninf) for __fpl_dnaninf
    dleqf.o(x$fpl$dleqf) refers to dcmpi.o(x$fpl$dcmpinf) for __fpl_dcmp_Inf
    dmul.o(x$fpl$dmul) refers (Special) to usenofp.o(x$fpl$usenofp) for __I$use$fp
    dmul.o(x$fpl$dmul) refers to dretinf.o(x$fpl$dretinf) for __fpl_dretinf
    dmul.o(x$fpl$dmul) refers to dnaninf.o(x$fpl$dnaninf) for __fpl_dnaninf
    dnaninf.o(x$fpl$dnaninf) refers (Special) to usenofp.o(x$fpl$usenofp) for __I$use$fp
    fretinf.o(x$fpl$fretinf) refers (Special) to usenofp.o(x$fpl$usenofp) for __I$use$fp
    ldexp.o(i.__hardfp_ldexp) refers (Special) to usenofp.o(x$fpl$usenofp) for __I$use$fp
    ldexp.o(i.__hardfp_ldexp) refers to deqf.o(x$fpl$deqf) for __aeabi_cdcmpeq
    ldexp.o(i.__hardfp_ldexp) refers to scalbn.o(x$fpl$scalbn) for __ARM_scalbn
    ldexp.o(i.__hardfp_ldexp) refers to _rserrno.o(.text) for __set_errno
    ldexp.o(i.__hardfp_ldexp) refers to dunder.o(i.__mathlib_dbl_underflow) for __mathlib_dbl_underflow
    ldexp.o(i.__hardfp_ldexp) refers to dunder.o(i.__mathlib_dbl_overflow) for __mathlib_dbl_overflow
    ldexp.o(i.__softfp_ldexp) refers (Special) to usenofp.o(x$fpl$usenofp) for __I$use$fp
    ldexp.o(i.__softfp_ldexp) refers to ldexp.o(i.__hardfp_ldexp) for __hardfp_ldexp
    ldexp.o(i.__support_ldexp) refers (Special) to usenofp.o(x$fpl$usenofp) for __I$use$fp
    ldexp.o(i.__support_ldexp) refers to ldexp.o(i.__hardfp_ldexp) for __hardfp_ldexp
    ldexp.o(i.ldexp) refers (Special) to usenofp.o(x$fpl$usenofp) for __I$use$fp
    ldexp.o(i.ldexp) refers to ldexp.o(i.__hardfp_ldexp) for __hardfp_ldexp
    sys_exit.o(.text) refers (Special) to use_no_semi.o(.text) for __I$use$semihosting
    sys_exit.o(.text) refers (Special) to indicate_semi.o(.text) for __semihosting_library_function
    sys_exit_hlt.o(.text) refers (Special) to use_no_semi.o(.text) for __I$use$semihosting
    sys_exit_hlt.o(.text) refers (Special) to indicate_semi.o(.text) for __semihosting_library_function
    _get_argv_nomalloc.o(.text) refers (Special) to hrguard.o(.text) for __heap_region$guard
    _get_argv_nomalloc.o(.text) refers to defsig_rtmem_outer.o(.text) for __rt_SIGRTMEM
    _get_argv_nomalloc.o(.text) refers to sys_command.o(.text) for _sys_command_string
    libshutdown.o(.ARM.Collect$$libshutdown$$00000000) refers (Special) to libshutdown2.o(.ARM.Collect$$libshutdown$$00000002) for __rt_lib_shutdown_cpp_1
    libshutdown.o(.ARM.Collect$$libshutdown$$00000000) refers (Special) to libshutdown2.o(.ARM.Collect$$libshutdown$$00000007) for __rt_lib_shutdown_fp_trap_1
    libshutdown.o(.ARM.Collect$$libshutdown$$00000000) refers (Special) to libshutdown2.o(.ARM.Collect$$libshutdown$$0000000F) for __rt_lib_shutdown_heap_1
    libshutdown.o(.ARM.Collect$$libshutdown$$00000000) refers (Special) to libshutdown2.o(.ARM.Collect$$libshutdown$$00000010) for __rt_lib_shutdown_return
    libshutdown.o(.ARM.Collect$$libshutdown$$00000000) refers (Special) to libshutdown2.o(.ARM.Collect$$libshutdown$$0000000A) for __rt_lib_shutdown_signal_1
    libshutdown.o(.ARM.Collect$$libshutdown$$00000000) refers (Special) to libshutdown2.o(.ARM.Collect$$libshutdown$$00000004) for __rt_lib_shutdown_stdio_1
    libshutdown.o(.ARM.Collect$$libshutdown$$00000000) refers (Special) to libshutdown2.o(.ARM.Collect$$libshutdown$$0000000C) for __rt_lib_shutdown_user_alloc_1
    dretinf.o(x$fpl$dretinf) refers (Special) to usenofp.o(x$fpl$usenofp) for __I$use$fp
    scalbn.o(x$fpl$scalbn) refers (Special) to usenofp.o(x$fpl$usenofp) for __I$use$fp
    scalbn.o(x$fpl$scalbn) refers to dcheck1.o(x$fpl$dcheck1) for __fpl_dcheck_NaN1
    dunder.o(i.__mathlib_dbl_divzero) refers to ddiv.o(x$fpl$ddiv) for __aeabi_ddiv
    dunder.o(i.__mathlib_dbl_infnan) refers to daddsub_clz.o(x$fpl$dadd) for __aeabi_dadd
    dunder.o(i.__mathlib_dbl_infnan2) refers to daddsub_clz.o(x$fpl$dadd) for __aeabi_dadd
    dunder.o(i.__mathlib_dbl_invalid) refers to ddiv.o(x$fpl$ddiv) for __aeabi_ddiv
    dunder.o(i.__mathlib_dbl_overflow) refers to dmul.o(x$fpl$dmul) for __aeabi_dmul
    dunder.o(i.__mathlib_dbl_posinfnan) refers to dmul.o(x$fpl$dmul) for __aeabi_dmul
    dunder.o(i.__mathlib_dbl_underflow) refers to dmul.o(x$fpl$dmul) for __aeabi_dmul
    sys_command.o(.text) refers (Special) to use_no_semi.o(.text) for __I$use$semihosting
    sys_command.o(.text) refers (Special) to indicate_semi.o(.text) for __semihosting_library_function
    sys_command_hlt.o(.text) refers (Special) to use_no_semi.o(.text) for __I$use$semihosting
    sys_command_hlt.o(.text) refers (Special) to indicate_semi.o(.text) for __semihosting_library_function
    defsig_rtmem_outer.o(.text) refers to defsig_rtmem_inner.o(.text) for __rt_SIGRTMEM_inner
    defsig_rtmem_outer.o(.text) refers to defsig_exit.o(.text) for __sig_exit
    defsig_rtmem_formal.o(.text) refers to rt_raise.o(.text) for __rt_raise
    daddsub_clz.o(x$fpl$dadd) refers (Special) to usenofp.o(x$fpl$usenofp) for __I$use$fp
    daddsub_clz.o(x$fpl$dadd) refers to daddsub_clz.o(x$fpl$dsub) for _dsub1
    daddsub_clz.o(x$fpl$dadd) refers to dretinf.o(x$fpl$dretinf) for __fpl_dretinf
    daddsub_clz.o(x$fpl$dadd) refers to dnaninf.o(x$fpl$dnaninf) for __fpl_dnaninf
    daddsub_clz.o(x$fpl$drsb) refers (Special) to usenofp.o(x$fpl$usenofp) for __I$use$fp
    daddsub_clz.o(x$fpl$drsb) refers to daddsub_clz.o(x$fpl$dadd) for _dadd1
    daddsub_clz.o(x$fpl$drsb) refers to daddsub_clz.o(x$fpl$dsub) for _dsub1
    daddsub_clz.o(x$fpl$dsub) refers (Special) to usenofp.o(x$fpl$usenofp) for __I$use$fp
    daddsub_clz.o(x$fpl$dsub) refers to daddsub_clz.o(x$fpl$dadd) for _dadd1
    daddsub_clz.o(x$fpl$dsub) refers to dnaninf.o(x$fpl$dnaninf) for __fpl_dnaninf
    dcheck1.o(x$fpl$dcheck1) refers (Special) to usenofp.o(x$fpl$usenofp) for __I$use$fp
    dcheck1.o(x$fpl$dcheck1) refers to retnan.o(x$fpl$retnan) for __fpl_return_NaN
    ddiv.o(x$fpl$drdiv) refers (Special) to usenofp.o(x$fpl$usenofp) for __I$use$fp
    ddiv.o(x$fpl$drdiv) refers to ddiv.o(x$fpl$ddiv) for ddiv_entry
    ddiv.o(x$fpl$ddiv) refers (Special) to usenofp.o(x$fpl$usenofp) for __I$use$fp
    ddiv.o(x$fpl$ddiv) refers to dretinf.o(x$fpl$dretinf) for __fpl_dretinf
    ddiv.o(x$fpl$ddiv) refers to dnaninf.o(x$fpl$dnaninf) for __fpl_dnaninf
    rt_raise.o(.text) refers to __raise.o(.text) for __raise
    rt_raise.o(.text) refers to sys_exit.o(.text) for _sys_exit
    defsig_exit.o(.text) refers to sys_exit.o(.text) for _sys_exit
    defsig_rtmem_inner.o(.text) refers to defsig_general.o(.text) for __default_signal_display
    retnan.o(x$fpl$retnan) refers (Special) to usenofp.o(x$fpl$usenofp) for __I$use$fp
    retnan.o(x$fpl$retnan) refers to trapv.o(x$fpl$trapveneer) for __fpl_cmpreturn
    __raise.o(.text) refers to defsig.o(CL$$defsig) for __default_signal_handler
    defsig_general.o(.text) refers to sys_wrch.o(.text) for _ttywrch
    trapv.o(x$fpl$trapveneer) refers (Special) to usenofp.o(x$fpl$usenofp) for __I$use$fp
    sys_wrch.o(.text) refers (Special) to use_no_semi.o(.text) for __I$use$semihosting
    sys_wrch.o(.text) refers (Special) to indicate_semi.o(.text) for __semihosting_library_function
    sys_wrch_hlt.o(.text) refers (Special) to use_no_semi.o(.text) for __I$use$semihosting
    sys_wrch_hlt.o(.text) refers (Special) to indicate_semi.o(.text) for __semihosting_library_function
    defsig.o(CL$$defsig) refers to defsig_rtmem_inner.o(.text) for __rt_SIGRTMEM_inner
    defsig_abrt_inner.o(.text) refers to defsig_general.o(.text) for __default_signal_display
    defsig_fpe_inner.o(.text) refers to defsig_general.o(.text) for __default_signal_display
    defsig_rtred_inner.o(.text) refers to defsig_general.o(.text) for __default_signal_display
    defsig_stak_inner.o(.text) refers to defsig_general.o(.text) for __default_signal_display
    defsig_pvfn_inner.o(.text) refers to defsig_general.o(.text) for __default_signal_display
    defsig_cppl_inner.o(.text) refers to defsig_general.o(.text) for __default_signal_display
    defsig_segv_inner.o(.text) refers to defsig_general.o(.text) for __default_signal_display
    defsig_other.o(.text) refers to defsig_general.o(.text) for __default_signal_display
    scanf_fp.o(i._is_digit) refers (Special) to usenofp.o(x$fpl$usenofp) for __I$use$fp
    scanf_fp.o(i._is_digit) refers (Special) to lc_numeric_c.o(locale$$code) for _get_lc_numeric


==============================================================================

Removing Unused input sections from the image.

    Removing main.o(.text), (0 bytes).
    Removing main.o(.ARM.exidx.text.main), (8 bytes).
    Removing main.o(.ARM.exidx.text.process_time), (8 bytes).
    Removing main.o(.ARM.exidx.text.display_), (8 bytes).
    Removing main.o(.ARM.exidx.text.process_alarm), (8 bytes).
    Removing main.o(.text.proccess_rxlpuart), (426 bytes).
    Removing main.o(.ARM.exidx.text.proccess_rxlpuart), (8 bytes).
    Removing main.o(.ARM.exidx.text.isleapyear), (8 bytes).
    Removing main.o(.bss.rxlpuart), (256 bytes).
    Removing main.o(.rodata.str1.1), (11 bytes).
    Removing main.o(.bss.index), (4 bytes).
    Removing clock.o(.text), (0 bytes).
    Removing clock.o(.text.set_firc_sysclk), (138 bytes).
    Removing clock.o(.ARM.exidx.text.set_firc_sysclk), (8 bytes).
    Removing clock.o(.text.set_sirc_sysclk), (182 bytes).
    Removing clock.o(.ARM.exidx.text.set_sirc_sysclk), (8 bytes).
    Removing clock.o(.text.set_sosc_sysclk), (198 bytes).
    Removing clock.o(.ARM.exidx.text.set_sosc_sysclk), (8 bytes).
    Removing clock.o(.ARM.exidx.text.set_spll_sysclk), (8 bytes).
    Removing lpuart.o(.text), (0 bytes).
    Removing lpuart.o(.text.init_lpuart), (178 bytes).
    Removing lpuart.o(.ARM.exidx.text.init_lpuart), (8 bytes).
    Removing lpuart.o(.ARM.exidx.text.init_lpuart_interrupt), (8 bytes).
    Removing lpuart.o(.text.transmitter_1_character), (60 bytes).
    Removing lpuart.o(.ARM.exidx.text.transmitter_1_character), (8 bytes).
    Removing lpuart.o(.text.transmitter_1_string), (84 bytes).
    Removing lpuart.o(.ARM.exidx.text.transmitter_1_string), (8 bytes).
    Removing lpuart.o(.text.receive_data), (50 bytes).
    Removing lpuart.o(.ARM.exidx.text.receive_data), (8 bytes).
    Removing delay.o(.text), (0 bytes).
    Removing delay.o(.text.delay), (102 bytes).
    Removing delay.o(.ARM.exidx.text.delay), (8 bytes).
    Removing delay.o(.text.timer_32_bit), (108 bytes).
    Removing delay.o(.ARM.exidx.text.timer_32_bit), (8 bytes).
    Removing delay.o(.text.timer_32_bit_interrupt), (136 bytes).
    Removing delay.o(.ARM.exidx.text.timer_32_bit_interrupt), (8 bytes).
    Removing delay.o(.text.timer_dual_16_bit), (118 bytes).
    Removing delay.o(.ARM.exidx.text.timer_dual_16_bit), (8 bytes).
    Removing delay.o(.text.timer_dual_16_bit_interrupt), (142 bytes).
    Removing delay.o(.ARM.exidx.text.timer_dual_16_bit_interrupt), (8 bytes).
    Removing delay.o(.bss.delay_counter), (4 bytes).
    Removing portd_irqhandler.o(.text), (0 bytes).
    Removing portd_irqhandler.o(.ARM.exidx.text.PORTD_IRQHandler), (8 bytes).
    Removing portd_irqhandler.o(.ARM.exidx.text.LPIT0_Ch0_IRQHandler), (8 bytes).
    Removing portd_irqhandler.o(.ARM.exidx.text.PORTC_IRQHandler), (8 bytes).
    Removing portd_irqhandler.o(.ARM.exidx.text.LPUART1_RxTx_IRQHandler), (8 bytes).
    Removing nvic.o(.text), (0 bytes).
    Removing nvic.o(.text.set_enable_nvic_timer), (20 bytes).
    Removing nvic.o(.ARM.exidx.text.set_enable_nvic_timer), (8 bytes).
    Removing nvic.o(.ARM.exidx.text.set_enable_nvic_lpuart_transmit), (8 bytes).
    Removing nvic.o(.text.set_enable_nvic_lpuart_receive), (20 bytes).
    Removing nvic.o(.ARM.exidx.text.set_enable_nvic_lpuart_receive), (8 bytes).
    Removing nvic.o(.text.set_enable_nvic), (56 bytes).
    Removing nvic.o(.ARM.exidx.text.set_enable_nvic), (8 bytes).
    Removing lpspi.o(.text), (0 bytes).
    Removing lpspi.o(.ARM.exidx.text.init_lpspi), (8 bytes).
    Removing lpspi.o(.ARM.exidx.text.transmit_data), (8 bytes).
    Removing startup.o(.text), (0 bytes).
    Removing startup.o(.ARM.exidx.text.init_data_bss), (8 bytes).
    Removing system_s32k144.o(.text), (0 bytes).
    Removing system_s32k144.o(.ARM.exidx.text.SystemInit), (8 bytes).
    Removing system_s32k144.o(.text.SystemCoreClockUpdate), (254 bytes).
    Removing system_s32k144.o(.ARM.exidx.text.SystemCoreClockUpdate), (8 bytes).
    Removing system_s32k144.o(.text.SystemSoftwareReset), (48 bytes).
    Removing system_s32k144.o(.ARM.exidx.text.SystemSoftwareReset), (8 bytes).
    Removing system_s32k144.o(.data.SystemCoreClock), (4 bytes).
    Removing system_s32k144.o(.rodata.SystemCoreClockUpdate.fircFreq), (4 bytes).

67 unused section(s) (total 2875 bytes) removed from the image.

==============================================================================

Image Symbol Table

    Local Symbols

    Symbol Name                              Value     Ov Type        Size  Object(Section)

    ../clib/angel/boardlib.s                 0x00000000   Number         0  boardinit1.o ABSOLUTE
    ../clib/angel/boardlib.s                 0x00000000   Number         0  boardinit2.o ABSOLUTE
    ../clib/angel/boardlib.s                 0x00000000   Number         0  boardinit3.o ABSOLUTE
    ../clib/angel/boardlib.s                 0x00000000   Number         0  boardshut.o ABSOLUTE
    ../clib/angel/handlers.s                 0x00000000   Number         0  __scatter_copy.o ABSOLUTE
    ../clib/angel/handlers.s                 0x00000000   Number         0  __scatter_zi.o ABSOLUTE
    ../clib/angel/kernel.s                   0x00000000   Number         0  __rtentry.o ABSOLUTE
    ../clib/angel/kernel.s                   0x00000000   Number         0  __rtentry2.o ABSOLUTE
    ../clib/angel/kernel.s                   0x00000000   Number         0  __rtentry4.o ABSOLUTE
    ../clib/angel/kernel.s                   0x00000000   Number         0  __rtentry7.o ABSOLUTE
    ../clib/angel/kernel.s                   0x00000000   Number         0  rtexit.o ABSOLUTE
    ../clib/angel/kernel.s                   0x00000000   Number         0  rtexit2.o ABSOLUTE
    ../clib/angel/rt.s                       0x00000000   Number         0  rt_ctype_table.o ABSOLUTE
    ../clib/angel/rt.s                       0x00000000   Number         0  rt_locale.o ABSOLUTE
    ../clib/angel/rt.s                       0x00000000   Number         0  rt_locale_intlibspace.o ABSOLUTE
    ../clib/angel/rt.s                       0x00000000   Number         0  rt_errno_addr.o ABSOLUTE
    ../clib/angel/rt.s                       0x00000000   Number         0  rt_errno_addr_intlibspace.o ABSOLUTE
    ../clib/angel/rt.s                       0x00000000   Number         0  rt_raise.o ABSOLUTE
    ../clib/angel/scatter.s                  0x00000000   Number         0  __scatter.o ABSOLUTE
    ../clib/angel/startup.s                  0x00000000   Number         0  __main.o ABSOLUTE
    ../clib/angel/sys.s                      0x00000000   Number         0  sys_stackheap_outer.o ABSOLUTE
    ../clib/angel/sys.s                      0x00000000   Number         0  libspace.o ABSOLUTE
    ../clib/angel/sys.s                      0x00000000   Number         0  sys_stackheap.o ABSOLUTE
    ../clib/angel/sys.s                      0x00000000   Number         0  sys_stackheap_hlt.o ABSOLUTE
    ../clib/angel/sys.s                      0x00000000   Number         0  use_no_semi.o ABSOLUTE
    ../clib/angel/sys.s                      0x00000000   Number         0  indicate_semi.o ABSOLUTE
    ../clib/angel/sysapp.c                   0x00000000   Number         0  sys_exit.o ABSOLUTE
    ../clib/angel/sysapp.c                   0x00000000   Number         0  sys_exit_hlt.o ABSOLUTE
    ../clib/angel/sysapp.c                   0x00000000   Number         0  sys_command.o ABSOLUTE
    ../clib/angel/sysapp.c                   0x00000000   Number         0  sys_command_hlt.o ABSOLUTE
    ../clib/angel/sysapp.c                   0x00000000   Number         0  sys_wrch.o ABSOLUTE
    ../clib/angel/sysapp.c                   0x00000000   Number         0  sys_wrch_hlt.o ABSOLUTE
    ../clib/armsys.c                         0x00000000   Number         0  argv_veneer.o ABSOLUTE
    ../clib/armsys.c                         0x00000000   Number         0  argv_veneer.o ABSOLUTE
    ../clib/armsys.c                         0x00000000   Number         0  _get_argv_nomalloc.o ABSOLUTE
    ../clib/armsys.c                         0x00000000   Number         0  no_argv.o ABSOLUTE
    ../clib/bigflt.c                         0x00000000   Number         0  bigflt0.o ABSOLUTE
    ../clib/btod.s                           0x00000000   Number         0  btod.o ABSOLUTE
    ../clib/btod_accurate.c                  0x00000000   Number         0  dtob_accurate.o ABSOLUTE
    ../clib/btod_accurate.c                  0x00000000   Number         0  btod_accurate_common.o ABSOLUTE
    ../clib/ctype.c                          0x00000000   Number         0  isspace.o ABSOLUTE
    ../clib/fenv.c                           0x00000000   Number         0  _rserrno.o ABSOLUTE
    ../clib/heapalloc.c                      0x00000000   Number         0  hrguard.o ABSOLUTE
    ../clib/libinit.s                        0x00000000   Number         0  libinit.o ABSOLUTE
    ../clib/libinit.s                        0x00000000   Number         0  libinit2.o ABSOLUTE
    ../clib/libinit.s                        0x00000000   Number         0  libinit5.o ABSOLUTE
    ../clib/libinit.s                        0x00000000   Number         0  libshutdown.o ABSOLUTE
    ../clib/libinit.s                        0x00000000   Number         0  libshutdown2.o ABSOLUTE
    ../clib/locale.c                         0x00000000   Number         0  _mbrtoc16.o ABSOLUTE
    ../clib/locale.c                         0x00000000   Number         0  _c16rtomb.o ABSOLUTE
    ../clib/locale.s                         0x00000000   Number         0  lc_numeric_c.o ABSOLUTE
    ../clib/locale.s                         0x00000000   Number         0  lc_ctype_c.o ABSOLUTE
    ../clib/longlong.s                       0x00000000   Number         0  llshl.o ABSOLUTE
    ../clib/longlong.s                       0x00000000   Number         0  llushr.o ABSOLUTE
    ../clib/memcpset.s                       0x00000000   Number         0  rt_memclr.o ABSOLUTE
    ../clib/memcpset.s                       0x00000000   Number         0  rt_memclr_w.o ABSOLUTE
    ../clib/memcpset.s                       0x00000000   Number         0  strcmpv7em.o ABSOLUTE
    ../clib/printf.c                         0x00000000   Number         0  __printf_wp.o ABSOLUTE
    ../clib/printf.c                         0x00000000   Number         0  __printf.o ABSOLUTE
    ../clib/printf.c                         0x00000000   Number         0  __printf_flags.o ABSOLUTE
    ../clib/printf.c                         0x00000000   Number         0  __printf_ss.o ABSOLUTE
    ../clib/printf.c                         0x00000000   Number         0  __printf_flags_ss.o ABSOLUTE
    ../clib/printf.c                         0x00000000   Number         0  __printf_flags_wp.o ABSOLUTE
    ../clib/printf.c                         0x00000000   Number         0  __printf_ss_wp.o ABSOLUTE
    ../clib/printf.c                         0x00000000   Number         0  __printf_flags_ss_wp.o ABSOLUTE
    ../clib/printf_percent.s                 0x00000000   Number         0  _printf_percent.o ABSOLUTE
    ../clib/printf_percent.s                 0x00000000   Number         0  _printf_percent_end.o ABSOLUTE
    ../clib/scanf.c                          0x00000000   Number         0  sscanf.o ABSOLUTE
    ../clib/scanf.c                          0x00000000   Number         0  _scanf_longlong.o ABSOLUTE
    ../clib/scanf.c                          0x00000000   Number         0  _scanf_int.o ABSOLUTE
    ../clib/scanf.c                          0x00000000   Number         0  _scanf_str.o ABSOLUTE
    ../clib/scanf.c                          0x00000000   Number         0  scanf_char.o ABSOLUTE
    ../clib/scanf.c                          0x00000000   Number         0  _sgetc.o ABSOLUTE
    ../clib/scanf.c                          0x00000000   Number         0  _scanf_mbtowc.o ABSOLUTE
    ../clib/scanf.c                          0x00000000   Number         0  _scanf_wctomb.o ABSOLUTE
    ../clib/scanf.c                          0x00000000   Number         0  _scanf_wstr.o ABSOLUTE
    ../clib/scanf.c                          0x00000000   Number         0  _chval.o ABSOLUTE
    ../clib/scanf.c                          0x00000000   Number         0  _scanf.o ABSOLUTE
    ../clib/scanf.c                          0x00000000   Number         0  scanf_fp.o ABSOLUTE
    ../clib/scanf.c                          0x00000000   Number         0  scanf_fp_accurate.o ABSOLUTE
    ../clib/scanf.c                          0x00000000   Number         0  _scanf_wcharmap.o ABSOLUTE
    ../clib/scanf.c                          0x00000000   Number         0  scanf_hexfp.o ABSOLUTE
    ../clib/scanf.c                          0x00000000   Number         0  scanf_infnan.o ABSOLUTE
    ../clib/signal.c                         0x00000000   Number         0  defsig_rtmem_outer.o ABSOLUTE
    ../clib/signal.c                         0x00000000   Number         0  defsig_rtmem_formal.o ABSOLUTE
    ../clib/signal.c                         0x00000000   Number         0  defsig_exit.o ABSOLUTE
    ../clib/signal.c                         0x00000000   Number         0  defsig_rtmem_inner.o ABSOLUTE
    ../clib/signal.c                         0x00000000   Number         0  __raise.o ABSOLUTE
    ../clib/signal.c                         0x00000000   Number         0  defsig_general.o ABSOLUTE
    ../clib/signal.c                         0x00000000   Number         0  defsig_abrt_inner.o ABSOLUTE
    ../clib/signal.c                         0x00000000   Number         0  defsig_fpe_inner.o ABSOLUTE
    ../clib/signal.c                         0x00000000   Number         0  defsig_rtred_inner.o ABSOLUTE
    ../clib/signal.c                         0x00000000   Number         0  defsig_stak_inner.o ABSOLUTE
    ../clib/signal.c                         0x00000000   Number         0  defsig_pvfn_inner.o ABSOLUTE
    ../clib/signal.c                         0x00000000   Number         0  defsig_cppl_inner.o ABSOLUTE
    ../clib/signal.c                         0x00000000   Number         0  defsig_segv_inner.o ABSOLUTE
    ../clib/signal.c                         0x00000000   Number         0  defsig_other.o ABSOLUTE
    ../clib/signal.s                         0x00000000   Number         0  defsig.o ABSOLUTE
    ../clib/stdlib.c                         0x00000000   Number         0  exit.o ABSOLUTE
    ../clib/string.c                         0x00000000   Number         0  strlen.o ABSOLUTE
    ../fplib/d2f.s                           0x00000000   Number         0  d2f.o ABSOLUTE
    ../fplib/daddsub.s                       0x00000000   Number         0  daddsub_clz.o ABSOLUTE
    ../fplib/dcheck1.s                       0x00000000   Number         0  dcheck1.o ABSOLUTE
    ../fplib/dcmpi.s                         0x00000000   Number         0  dcmpi.o ABSOLUTE
    ../fplib/ddiv.s                          0x00000000   Number         0  ddiv.o ABSOLUTE
    ../fplib/deqf.s                          0x00000000   Number         0  deqf.o ABSOLUTE
    ../fplib/dleqf.s                         0x00000000   Number         0  dleqf.o ABSOLUTE
    ../fplib/dmul.s                          0x00000000   Number         0  dmul.o ABSOLUTE
    ../fplib/dnaninf.s                       0x00000000   Number         0  dnaninf.o ABSOLUTE
    ../fplib/dretinf.s                       0x00000000   Number         0  dretinf.o ABSOLUTE
    ../fplib/drleqf.s                        0x00000000   Number         0  drleqf.o ABSOLUTE
    ../fplib/fpconst.s                       0x00000000   Number         0  fpconst.o ABSOLUTE
    ../fplib/fpinit.s                        0x00000000   Number         0  fpinit.o ABSOLUTE
    ../fplib/fretinf.s                       0x00000000   Number         0  fretinf.o ABSOLUTE
    ../fplib/istatus.s                       0x00000000   Number         0  istatus.o ABSOLUTE
    ../fplib/retnan.s                        0x00000000   Number         0  retnan.o ABSOLUTE
    ../fplib/scalbn.s                        0x00000000   Number         0  scalbn.o ABSOLUTE
    ../fplib/scanf1.s                        0x00000000   Number         0  scanf1.o ABSOLUTE
    ../fplib/scanf2.s                        0x00000000   Number         0  scanf2.o ABSOLUTE
    ../fplib/scanf2a.s                       0x00000000   Number         0  scanf2a.o ABSOLUTE
    ../fplib/scanf2b.s                       0x00000000   Number         0  scanf2b.o ABSOLUTE
    ../fplib/trapv.s                         0x00000000   Number         0  trapv.o ABSOLUTE
    ../fplib/usenofp.s                       0x00000000   Number         0  usenofp.o ABSOLUTE
    ../mathlib/dunder.c                      0x00000000   Number         0  dunder.o ABSOLUTE
    ../mathlib/frexp.c                       0x00000000   Number         0  frexp.o ABSOLUTE
    ../mathlib/ldexp.c                       0x00000000   Number         0  ldexp.o ABSOLUTE
    ../mathlib/narrow.c                      0x00000000   Number         0  narrow.o ABSOLUTE
    PORTD_IRQHandler.c                       0x00000000   Number         0  portd_irqhandler.o ABSOLUTE
    RTE\Device\S32K144HAxxxLLx\startup_S32K144.S 0x00000000   Number         0  startup_s32k144.o ABSOLUTE
    clock.c                                  0x00000000   Number         0  clock.o ABSOLUTE
    dc.s                                     0x00000000   Number         0  dc.o ABSOLUTE
    delay.c                                  0x00000000   Number         0  delay.o ABSOLUTE
    lpspi.c                                  0x00000000   Number         0  lpspi.o ABSOLUTE
    lpuart.c                                 0x00000000   Number         0  lpuart.o ABSOLUTE
    main.c                                   0x00000000   Number         0  main.o ABSOLUTE
    nvic.c                                   0x00000000   Number         0  nvic.o ABSOLUTE
    startup.c                                0x00000000   Number         0  startup.o ABSOLUTE
    system_S32K144.c                         0x00000000   Number         0  system_s32k144.o ABSOLUTE
    RESET                                    0x00000000   Section      560  startup_s32k144.o(RESET)
    FlashConfig                              0x00000400   Section       16  startup_s32k144.o(FlashConfig)
    s_vectors                                0x00000410   Data           4  startup.o(.rodata.s_vectors)
    [Anonymous Symbol]                       0x00000410   Section        0  startup.o(.rodata.s_vectors)
    !!!main                                  0x00000414   Section        8  __main.o(!!!main)
    !!!scatter                               0x0000041c   Section       92  __scatter.o(!!!scatter)
    !!handler_copy                           0x00000478   Section       26  __scatter_copy.o(!!handler_copy)
    !!handler_null                           0x00000494   Section        2  __scatter.o(!!handler_null)
    !!handler_zi                             0x00000498   Section       28  __scatter_zi.o(!!handler_zi)
    .ARM.Collect$$libinit$$00000000          0x000004b4   Section        2  libinit.o(.ARM.Collect$$libinit$$00000000)
    .ARM.Collect$$libinit$$00000001          0x000004b6   Section        4  libinit2.o(.ARM.Collect$$libinit$$00000001)
    .ARM.Collect$$libinit$$00000004          0x000004ba   Section        0  libinit2.o(.ARM.Collect$$libinit$$00000004)
    .ARM.Collect$$libinit$$00000006          0x000004ba   Section        0  libinit2.o(.ARM.Collect$$libinit$$00000006)
    .ARM.Collect$$libinit$$0000000C          0x000004ba   Section        0  libinit2.o(.ARM.Collect$$libinit$$0000000C)
    .ARM.Collect$$libinit$$0000000E          0x000004ba   Section        0  libinit2.o(.ARM.Collect$$libinit$$0000000E)
    .ARM.Collect$$libinit$$00000010          0x000004ba   Section        0  libinit2.o(.ARM.Collect$$libinit$$00000010)
    .ARM.Collect$$libinit$$00000013          0x000004ba   Section        0  libinit2.o(.ARM.Collect$$libinit$$00000013)
    .ARM.Collect$$libinit$$00000015          0x000004ba   Section        0  libinit2.o(.ARM.Collect$$libinit$$00000015)
    .ARM.Collect$$libinit$$00000017          0x000004ba   Section        0  libinit2.o(.ARM.Collect$$libinit$$00000017)
    .ARM.Collect$$libinit$$00000019          0x000004ba   Section        0  libinit2.o(.ARM.Collect$$libinit$$00000019)
    .ARM.Collect$$libinit$$0000001B          0x000004ba   Section        0  libinit2.o(.ARM.Collect$$libinit$$0000001B)
    .ARM.Collect$$libinit$$0000001D          0x000004ba   Section        0  libinit2.o(.ARM.Collect$$libinit$$0000001D)
    .ARM.Collect$$libinit$$0000001F          0x000004ba   Section        0  libinit2.o(.ARM.Collect$$libinit$$0000001F)
    .ARM.Collect$$libinit$$00000021          0x000004ba   Section        0  libinit2.o(.ARM.Collect$$libinit$$00000021)
    .ARM.Collect$$libinit$$00000023          0x000004ba   Section        0  libinit2.o(.ARM.Collect$$libinit$$00000023)
    .ARM.Collect$$libinit$$00000025          0x000004ba   Section        0  libinit2.o(.ARM.Collect$$libinit$$00000025)
    .ARM.Collect$$libinit$$00000027          0x000004ba   Section        0  libinit2.o(.ARM.Collect$$libinit$$00000027)
    .ARM.Collect$$libinit$$0000002E          0x000004ba   Section        0  libinit2.o(.ARM.Collect$$libinit$$0000002E)
    .ARM.Collect$$libinit$$00000030          0x000004ba   Section        0  libinit2.o(.ARM.Collect$$libinit$$00000030)
    .ARM.Collect$$libinit$$00000032          0x000004ba   Section        0  libinit2.o(.ARM.Collect$$libinit$$00000032)
    .ARM.Collect$$libinit$$00000034          0x000004ba   Section        0  libinit2.o(.ARM.Collect$$libinit$$00000034)
    .ARM.Collect$$libinit$$00000035          0x000004ba   Section        2  libinit2.o(.ARM.Collect$$libinit$$00000035)
    .ARM.Collect$$libshutdown$$00000000      0x000004bc   Section        2  libshutdown.o(.ARM.Collect$$libshutdown$$00000000)
    .ARM.Collect$$libshutdown$$00000002      0x000004be   Section        0  libshutdown2.o(.ARM.Collect$$libshutdown$$00000002)
    .ARM.Collect$$libshutdown$$00000004      0x000004be   Section        0  libshutdown2.o(.ARM.Collect$$libshutdown$$00000004)
    .ARM.Collect$$libshutdown$$00000007      0x000004be   Section        0  libshutdown2.o(.ARM.Collect$$libshutdown$$00000007)
    .ARM.Collect$$libshutdown$$0000000A      0x000004be   Section        0  libshutdown2.o(.ARM.Collect$$libshutdown$$0000000A)
    .ARM.Collect$$libshutdown$$0000000C      0x000004be   Section        0  libshutdown2.o(.ARM.Collect$$libshutdown$$0000000C)
    .ARM.Collect$$libshutdown$$0000000F      0x000004be   Section        0  libshutdown2.o(.ARM.Collect$$libshutdown$$0000000F)
    .ARM.Collect$$libshutdown$$00000010      0x000004be   Section        2  libshutdown2.o(.ARM.Collect$$libshutdown$$00000010)
    .ARM.Collect$$rtentry$$00000000          0x000004c0   Section        0  __rtentry.o(.ARM.Collect$$rtentry$$00000000)
    .ARM.Collect$$rtentry$$00000002          0x000004c0   Section        0  __rtentry2.o(.ARM.Collect$$rtentry$$00000002)
    .ARM.Collect$$rtentry$$00000007          0x000004c0   Section        4  __rtentry7.o(.ARM.Collect$$rtentry$$00000007)
    .ARM.Collect$$rtentry$$00000009          0x000004c4   Section        0  __rtentry2.o(.ARM.Collect$$rtentry$$00000009)
    .ARM.Collect$$rtentry$$0000000A          0x000004c4   Section        4  __rtentry2.o(.ARM.Collect$$rtentry$$0000000A)
    .ARM.Collect$$rtentry$$0000000C          0x000004c8   Section        0  __rtentry2.o(.ARM.Collect$$rtentry$$0000000C)
    .ARM.Collect$$rtentry$$0000000D          0x000004c8   Section        8  __rtentry2.o(.ARM.Collect$$rtentry$$0000000D)
    __lit__00000000                          0x000004d0   Data           4  __rtentry7.o(.ARM.Collect$$rtentry$$00002718)
    .ARM.Collect$$rtentry$$00002718          0x000004d0   Section        4  __rtentry7.o(.ARM.Collect$$rtentry$$00002718)
    .ARM.Collect$$rtexit$$00000000           0x000004d4   Section        2  rtexit.o(.ARM.Collect$$rtexit$$00000000)
    .ARM.Collect$$rtexit$$00000002           0x000004d6   Section        0  rtexit2.o(.ARM.Collect$$rtexit$$00000002)
    .ARM.Collect$$rtexit$$00000003           0x000004d6   Section        4  rtexit2.o(.ARM.Collect$$rtexit$$00000003)
    .ARM.Collect$$rtexit$$00000004           0x000004da   Section        6  rtexit2.o(.ARM.Collect$$rtexit$$00000004)
    .text                                    0x000004e0   Section      156  startup_s32k144.o(.text)
    $v0                                      0x00000534   Number         0  startup_s32k144.o(.text)
    .text                                    0x0000057c   Section        0  exit.o(.text)
    .text                                    0x0000058e   Section        2  use_no_semi.o(.text)
    .text                                    0x00000590   Section        0  indicate_semi.o(.text)
    .text                                    0x00000590   Section        0  sys_exit.o(.text)
    [Anonymous Symbol]                       0x0000059c   Section        0  portd_irqhandler.o(.text.LPIT0_Ch0_IRQHandler)
    [Anonymous Symbol]                       0x00000630   Section        0  portd_irqhandler.o(.text.LPUART1_RxTx_IRQHandler)
    [Anonymous Symbol]                       0x00000674   Section        0  portd_irqhandler.o(.text.PORTC_IRQHandler)
    [Anonymous Symbol]                       0x000007fc   Section        0  portd_irqhandler.o(.text.PORTD_IRQHandler)
    [Anonymous Symbol]                       0x00000810   Section        0  system_s32k144.o(.text.SystemInit)
    [Anonymous Symbol]                       0x00000864   Section        0  main.o(.text.display_)
    [Anonymous Symbol]                       0x00000bf0   Section        0  startup.o(.text.init_data_bss)
    [Anonymous Symbol]                       0x00000c90   Section        0  lpspi.o(.text.init_lpspi)
    [Anonymous Symbol]                       0x00000d78   Section        0  lpuart.o(.text.init_lpuart_interrupt)
    [Anonymous Symbol]                       0x00000e38   Section        0  main.o(.text.isleapyear)
    [Anonymous Symbol]                       0x00000eb8   Section        0  main.o(.text.main)
    [Anonymous Symbol]                       0x00000fa8   Section        0  main.o(.text.process_alarm)
    [Anonymous Symbol]                       0x00001004   Section        0  main.o(.text.process_time)
    [Anonymous Symbol]                       0x000011cc   Section        0  nvic.o(.text.set_enable_nvic_lpuart_transmit)
    [Anonymous Symbol]                       0x000011e0   Section        0  clock.o(.text.set_spll_sysclk)
    [Anonymous Symbol]                       0x0000130c   Section        0  lpspi.o(.text.transmit_data)
    $v0                                      0x0000134c   Number         0  fpinit.o(x$fpl$fpinit)
    x$fpl$fpinit                             0x0000134c   Section       26  fpinit.o(x$fpl$fpinit)
    alarm_hour                               0x1fff8404   Data           2  main.o(.data.alarm_hour)
    [Anonymous Symbol]                       0x1fff8404   Section        0  main.o(.data.alarm_hour)
    alarm_minute                             0x1fff8406   Data           2  main.o(.data.alarm_minute)
    [Anonymous Symbol]                       0x1fff8406   Section        0  main.o(.data.alarm_minute)
    day                                      0x1fff8408   Data           2  main.o(.data.day)
    [Anonymous Symbol]                       0x1fff8408   Section        0  main.o(.data.day)
    hour                                     0x1fff840a   Data           2  main.o(.data.hour)
    [Anonymous Symbol]                       0x1fff840a   Section        0  main.o(.data.hour)
    minute                                   0x1fff840c   Data           2  main.o(.data.minute)
    [Anonymous Symbol]                       0x1fff840c   Section        0  main.o(.data.minute)
    month                                    0x1fff840e   Data           2  main.o(.data.month)
    [Anonymous Symbol]                       0x1fff840e   Section        0  main.o(.data.month)
    second                                   0x1fff8410   Data           2  main.o(.data.second)
    [Anonymous Symbol]                       0x1fff8410   Section        0  main.o(.data.second)
    year                                     0x1fff8412   Data           2  main.o(.data.year)
    [Anonymous Symbol]                       0x1fff8412   Section        0  main.o(.data.year)
    alarm_hour1                              0x20000000   Data           1  main.o(.bss.alarm_hour1)
    [Anonymous Symbol]                       0x20000000   Section        0  main.o(.bss.alarm_hour1)
    alarm_hour2                              0x20000001   Data           1  main.o(.bss.alarm_hour2)
    [Anonymous Symbol]                       0x20000001   Section        0  main.o(.bss.alarm_hour2)
    alarm_minute1                            0x20000002   Data           1  main.o(.bss.alarm_minute1)
    [Anonymous Symbol]                       0x20000002   Section        0  main.o(.bss.alarm_minute1)
    alarm_minute2                            0x20000003   Data           1  main.o(.bss.alarm_minute2)
    [Anonymous Symbol]                       0x20000003   Section        0  main.o(.bss.alarm_minute2)
    alarmonof                                0x20000004   Data           2  main.o(.bss.alarmonof)
    [Anonymous Symbol]                       0x20000004   Section        0  main.o(.bss.alarmonof)
    alarmonof                                0x20000006   Data           2  portd_irqhandler.o(.bss.alarmonof)
    [Anonymous Symbol]                       0x20000006   Section        0  portd_irqhandler.o(.bss.alarmonof)
    day1                                     0x20000008   Data           1  main.o(.bss.day1)
    [Anonymous Symbol]                       0x20000008   Section        0  main.o(.bss.day1)
    day2                                     0x20000009   Data           1  main.o(.bss.day2)
    [Anonymous Symbol]                       0x20000009   Section        0  main.o(.bss.day2)
    dayinmonth                               0x2000000a   Data           2  main.o(.bss.dayinmonth)
    [Anonymous Symbol]                       0x2000000a   Section        0  main.o(.bss.dayinmonth)
    hour1                                    0x2000000c   Data           1  main.o(.bss.hour1)
    [Anonymous Symbol]                       0x2000000c   Section        0  main.o(.bss.hour1)
    hour2                                    0x2000000d   Data           1  main.o(.bss.hour2)
    [Anonymous Symbol]                       0x2000000d   Section        0  main.o(.bss.hour2)
    index                                    0x20000010   Data           4  portd_irqhandler.o(.bss.index)
    [Anonymous Symbol]                       0x20000010   Section        0  portd_irqhandler.o(.bss.index)
    intensity_lv                             0x20000014   Data           1  portd_irqhandler.o(.bss.intensity_lv)
    [Anonymous Symbol]                       0x20000014   Section        0  portd_irqhandler.o(.bss.intensity_lv)
    minute1                                  0x20000015   Data           1  main.o(.bss.minute1)
    [Anonymous Symbol]                       0x20000015   Section        0  main.o(.bss.minute1)
    minute2                                  0x20000016   Data           1  main.o(.bss.minute2)
    [Anonymous Symbol]                       0x20000016   Section        0  main.o(.bss.minute2)
    mode_display                             0x20000018   Data           4  main.o(.bss.mode_display)
    [Anonymous Symbol]                       0x20000018   Section        0  main.o(.bss.mode_display)
    mode_display                             0x2000001c   Data           4  portd_irqhandler.o(.bss.mode_display)
    [Anonymous Symbol]                       0x2000001c   Section        0  portd_irqhandler.o(.bss.mode_display)
    month1                                   0x20000020   Data           1  main.o(.bss.month1)
    [Anonymous Symbol]                       0x20000020   Section        0  main.o(.bss.month1)
    month2                                   0x20000021   Data           1  main.o(.bss.month2)
    [Anonymous Symbol]                       0x20000021   Section        0  main.o(.bss.month2)
    receive                                  0x20000022   Data           1  portd_irqhandler.o(.bss.receive)
    [Anonymous Symbol]                       0x20000022   Section        0  portd_irqhandler.o(.bss.receive)
    rxlpuart                                 0x20000023   Data         256  portd_irqhandler.o(.bss.rxlpuart)
    [Anonymous Symbol]                       0x20000023   Section        0  portd_irqhandler.o(.bss.rxlpuart)
    second1                                  0x20000123   Data           1  main.o(.bss.second1)
    [Anonymous Symbol]                       0x20000123   Section        0  main.o(.bss.second1)
    second2                                  0x20000124   Data           1  main.o(.bss.second2)
    [Anonymous Symbol]                       0x20000124   Section        0  main.o(.bss.second2)
    time_alarm                               0x20000128   Data           4  portd_irqhandler.o(.bss.time_alarm)
    [Anonymous Symbol]                       0x20000128   Section        0  portd_irqhandler.o(.bss.time_alarm)
    year1                                    0x2000012c   Data           1  main.o(.bss.year1)
    [Anonymous Symbol]                       0x2000012c   Section        0  main.o(.bss.year1)
    year2                                    0x2000012d   Data           1  main.o(.bss.year2)
    [Anonymous Symbol]                       0x2000012d   Section        0  main.o(.bss.year2)
    year3                                    0x2000012e   Data           1  main.o(.bss.year3)
    [Anonymous Symbol]                       0x2000012e   Section        0  main.o(.bss.year3)
    year4                                    0x2000012f   Data           1  main.o(.bss.year4)
    [Anonymous Symbol]                       0x2000012f   Section        0  main.o(.bss.year4)

    Global Symbols

    Symbol Name                              Value     Ov Type        Size  Object(Section)

    BuildAttributes$$THM_ISAv4$E$P$D$K$B$S$7EM$VFPi3$EXTD16$VFPS$VFMA$PE$A:L22UL41UL21$X:L11$S22US41US21$IEEE1$IW$~IW$USESV6$~STKCKD$USESV7$~SHL$OTIME$ROPI$IEEEX$EBA8$UX$STANDARDLIB$REQ8$PRES8$EABIv2 0x00000000   Number         0  anon$$obj.o ABSOLUTE
    Image$$RW_m_code$$Length                 0x00000000   Number         0  anon$$obj.o ABSOLUTE
    Image$$VECTOR_RAM$$Length                0x00000000   Number         0  anon$$obj.o ABSOLUTE
    Image$$VECTOR_ROM$$Base                  0x00000000   Number         0  anon$$obj.o ABSOLUTE
    __Vectors                                0x00000000   Data           4  startup_s32k144.o(RESET)
    Image$$ZI$$Limit                          - Undefined Weak Reference
    __ARM_exceptions_init                     - Undefined Weak Reference
    __alloca_initialize                       - Undefined Weak Reference
    __arm_preinit_                            - Undefined Weak Reference
    __arm_relocate_pie_                       - Undefined Weak Reference
    __cpp_initialize__aeabi_                  - Undefined Weak Reference
    __cxa_finalize                            - Undefined Weak Reference
    __sigvec_lookup                           - Undefined Weak Reference
    _atexit_init                              - Undefined Weak Reference
    _call_atexit_fns                          - Undefined Weak Reference
    _clock_init                               - Undefined Weak Reference
    _fp_trap_init                             - Undefined Weak Reference
    _fp_trap_shutdown                         - Undefined Weak Reference
    _get_lc_collate                           - Undefined Weak Reference
    _get_lc_monetary                          - Undefined Weak Reference
    _get_lc_time                              - Undefined Weak Reference
    _getenv_init                              - Undefined Weak Reference
    _handle_redirection                       - Undefined Weak Reference
    _init_alloc                               - Undefined Weak Reference
    _init_user_alloc                          - Undefined Weak Reference
    _initio                                   - Undefined Weak Reference
    _rand_init                                - Undefined Weak Reference
    _signal_finish                            - Undefined Weak Reference
    _signal_init                              - Undefined Weak Reference
    _terminate_alloc                          - Undefined Weak Reference
    _terminate_user_alloc                     - Undefined Weak Reference
    _terminateio                              - Undefined Weak Reference
    Image$$RW_m_data$$Length                 0x00000014   Number         0  anon$$obj.o ABSOLUTE
    Image$$VECTOR_ROM$$Length                0x00000230   Number         0  anon$$obj.o ABSOLUTE
    Image$$VECTOR_ROM$$Limit                 0x00000230   Number         0  anon$$obj.o ABSOLUTE
    Image$$ER_m_text_const$$Base             0x00000410   Number         0  anon$$obj.o ABSOLUTE
    Image$$ER_m_text_const$$Limit            0x00000414   Number         0  anon$$obj.o ABSOLUTE
    __main                                   0x00000415   Thumb Code     8  __main.o(!!!main)
    __scatterload                            0x0000041d   Thumb Code     0  __scatter.o(!!!scatter)
    __scatterload_rt2                        0x0000041d   Thumb Code    84  __scatter.o(!!!scatter)
    __scatterload_rt2_thumb_only             0x0000041d   Thumb Code     0  __scatter.o(!!!scatter)
    __scatterload_loop                       0x00000427   Thumb Code     0  __scatter.o(!!!scatter)
    __scatterload_copy                       0x00000479   Thumb Code    26  __scatter_copy.o(!!handler_copy)
    __scatterload_null                       0x00000495   Thumb Code     2  __scatter.o(!!handler_null)
    __scatterload_zeroinit                   0x00000499   Thumb Code    28  __scatter_zi.o(!!handler_zi)
    __rt_lib_init                            0x000004b5   Thumb Code     0  libinit.o(.ARM.Collect$$libinit$$00000000)
    __rt_lib_init_fp_1                       0x000004b7   Thumb Code     0  libinit2.o(.ARM.Collect$$libinit$$00000001)
    __rt_lib_init_alloca_1                   0x000004bb   Thumb Code     0  libinit2.o(.ARM.Collect$$libinit$$00000030)
    __rt_lib_init_argv_1                     0x000004bb   Thumb Code     0  libinit2.o(.ARM.Collect$$libinit$$0000002E)
    __rt_lib_init_atexit_1                   0x000004bb   Thumb Code     0  libinit2.o(.ARM.Collect$$libinit$$0000001D)
    __rt_lib_init_clock_1                    0x000004bb   Thumb Code     0  libinit2.o(.ARM.Collect$$libinit$$00000023)
    __rt_lib_init_cpp_1                      0x000004bb   Thumb Code     0  libinit2.o(.ARM.Collect$$libinit$$00000034)
    __rt_lib_init_exceptions_1               0x000004bb   Thumb Code     0  libinit2.o(.ARM.Collect$$libinit$$00000032)
    __rt_lib_init_fp_trap_1                  0x000004bb   Thumb Code     0  libinit2.o(.ARM.Collect$$libinit$$00000021)
    __rt_lib_init_getenv_1                   0x000004bb   Thumb Code     0  libinit2.o(.ARM.Collect$$libinit$$00000025)
    __rt_lib_init_heap_1                     0x000004bb   Thumb Code     0  libinit2.o(.ARM.Collect$$libinit$$0000000C)
    __rt_lib_init_lc_collate_1               0x000004bb   Thumb Code     0  libinit2.o(.ARM.Collect$$libinit$$00000013)
    __rt_lib_init_lc_ctype_1                 0x000004bb   Thumb Code     0  libinit2.o(.ARM.Collect$$libinit$$00000015)
    __rt_lib_init_lc_monetary_1              0x000004bb   Thumb Code     0  libinit2.o(.ARM.Collect$$libinit$$00000017)
    __rt_lib_init_lc_numeric_1               0x000004bb   Thumb Code     0  libinit2.o(.ARM.Collect$$libinit$$00000019)
    __rt_lib_init_lc_time_1                  0x000004bb   Thumb Code     0  libinit2.o(.ARM.Collect$$libinit$$0000001B)
    __rt_lib_init_preinit_1                  0x000004bb   Thumb Code     0  libinit2.o(.ARM.Collect$$libinit$$00000006)
    __rt_lib_init_rand_1                     0x000004bb   Thumb Code     0  libinit2.o(.ARM.Collect$$libinit$$00000010)
    __rt_lib_init_relocate_pie_1             0x000004bb   Thumb Code     0  libinit2.o(.ARM.Collect$$libinit$$00000004)
    __rt_lib_init_return                     0x000004bb   Thumb Code     0  libinit2.o(.ARM.Collect$$libinit$$00000035)
    __rt_lib_init_signal_1                   0x000004bb   Thumb Code     0  libinit2.o(.ARM.Collect$$libinit$$0000001F)
    __rt_lib_init_stdio_1                    0x000004bb   Thumb Code     0  libinit2.o(.ARM.Collect$$libinit$$00000027)
    __rt_lib_init_user_alloc_1               0x000004bb   Thumb Code     0  libinit2.o(.ARM.Collect$$libinit$$0000000E)
    __rt_lib_shutdown                        0x000004bd   Thumb Code     0  libshutdown.o(.ARM.Collect$$libshutdown$$00000000)
    __rt_lib_shutdown_cpp_1                  0x000004bf   Thumb Code     0  libshutdown2.o(.ARM.Collect$$libshutdown$$00000002)
    __rt_lib_shutdown_fp_trap_1              0x000004bf   Thumb Code     0  libshutdown2.o(.ARM.Collect$$libshutdown$$00000007)
    __rt_lib_shutdown_heap_1                 0x000004bf   Thumb Code     0  libshutdown2.o(.ARM.Collect$$libshutdown$$0000000F)
    __rt_lib_shutdown_return                 0x000004bf   Thumb Code     0  libshutdown2.o(.ARM.Collect$$libshutdown$$00000010)
    __rt_lib_shutdown_signal_1               0x000004bf   Thumb Code     0  libshutdown2.o(.ARM.Collect$$libshutdown$$0000000A)
    __rt_lib_shutdown_stdio_1                0x000004bf   Thumb Code     0  libshutdown2.o(.ARM.Collect$$libshutdown$$00000004)
    __rt_lib_shutdown_user_alloc_1           0x000004bf   Thumb Code     0  libshutdown2.o(.ARM.Collect$$libshutdown$$0000000C)
    __rt_entry                               0x000004c1   Thumb Code     0  __rtentry.o(.ARM.Collect$$rtentry$$00000000)
    __rt_entry_presh_1                       0x000004c1   Thumb Code     0  __rtentry2.o(.ARM.Collect$$rtentry$$00000002)
    __rt_entry_sh                            0x000004c1   Thumb Code     0  __rtentry7.o(.ARM.Collect$$rtentry$$00000007)
    __rt_entry_li                            0x000004c5   Thumb Code     0  __rtentry2.o(.ARM.Collect$$rtentry$$0000000A)
    __rt_entry_postsh_1                      0x000004c5   Thumb Code     0  __rtentry2.o(.ARM.Collect$$rtentry$$00000009)
    __rt_entry_main                          0x000004c9   Thumb Code     0  __rtentry2.o(.ARM.Collect$$rtentry$$0000000D)
    __rt_entry_postli_1                      0x000004c9   Thumb Code     0  __rtentry2.o(.ARM.Collect$$rtentry$$0000000C)
    __rt_exit                                0x000004d5   Thumb Code     0  rtexit.o(.ARM.Collect$$rtexit$$00000000)
    __rt_exit_ls                             0x000004d7   Thumb Code     0  rtexit2.o(.ARM.Collect$$rtexit$$00000003)
    __rt_exit_prels_1                        0x000004d7   Thumb Code     0  rtexit2.o(.ARM.Collect$$rtexit$$00000002)
    __rt_exit_exit                           0x000004db   Thumb Code     0  rtexit2.o(.ARM.Collect$$rtexit$$00000004)
    __RAM_VECTOR_TABLE_SIZE                  0x000004e0   Data           4  startup_s32k144.o(.text)
    __VECTOR_RAM                             0x000004e4   Data           4  startup_s32k144.o(.text)
    __VECTOR_ROM                             0x000004e8   Data           4  startup_s32k144.o(.text)
    __VECTOR_ROM_START                       0x000004ec   Data           4  startup_s32k144.o(.text)
    __VECTOR_ROM_END                         0x000004f0   Data           4  startup_s32k144.o(.text)
    __CODE_ROM                               0x000004f4   Data           4  startup_s32k144.o(.text)
    __CODE_END                               0x000004f8   Data           4  startup_s32k144.o(.text)
    __CODE_RAM                               0x000004fc   Data           4  startup_s32k144.o(.text)
    __CODE_RAM_START                         0x00000500   Data           4  startup_s32k144.o(.text)
    __CODE_RAM_END                           0x00000504   Data           4  startup_s32k144.o(.text)
    __BSS_START                              0x00000508   Data           4  startup_s32k144.o(.text)
    __BSS_END                                0x0000050c   Data           4  startup_s32k144.o(.text)
    __DATA_RAM                               0x00000510   Data           4  startup_s32k144.o(.text)
    __DATA_RAM_START                         0x00000514   Data           4  startup_s32k144.o(.text)
    __DATA_RAM_END                           0x00000518   Data           4  startup_s32k144.o(.text)
    __DATA_ROM                               0x0000051c   Data           4  startup_s32k144.o(.text)
    __DATA_END                               0x00000520   Data           4  startup_s32k144.o(.text)
    __CUSTOM_SECTION_START                   0x00000524   Data           4  startup_s32k144.o(.text)
    __CUSTOM_SECTION_END                     0x00000528   Data           4  startup_s32k144.o(.text)
    __RAM_START                              0x0000052c   Data           4  startup_s32k144.o(.text)
    __RAM_END                                0x00000530   Data           4  startup_s32k144.o(.text)
    Reset_Handler                            0x00000535   Thumb Code    28  startup_s32k144.o(.text)
    NMI_Handler                              0x00000551   Thumb Code     2  startup_s32k144.o(.text)
    HardFault_Handler                        0x00000553   Thumb Code     2  startup_s32k144.o(.text)
    MemManage_Handler                        0x00000555   Thumb Code     2  startup_s32k144.o(.text)
    BusFault_Handler                         0x00000557   Thumb Code     2  startup_s32k144.o(.text)
    UsageFault_Handler                       0x00000559   Thumb Code     2  startup_s32k144.o(.text)
    SVC_Handler                              0x0000055b   Thumb Code     2  startup_s32k144.o(.text)
    DebugMon_Handler                         0x0000055d   Thumb Code     2  startup_s32k144.o(.text)
    PendSV_Handler                           0x0000055f   Thumb Code     2  startup_s32k144.o(.text)
    SysTick_Handler                          0x00000561   Thumb Code     2  startup_s32k144.o(.text)
    DefaultISR                               0x00000563   Thumb Code     2  startup_s32k144.o(.text)
    ADC0_IRQHandler                          0x00000565   Thumb Code     0  startup_s32k144.o(.text)
    ADC1_IRQHandler                          0x00000565   Thumb Code     0  startup_s32k144.o(.text)
    CAN0_Error_IRQHandler                    0x00000565   Thumb Code     0  startup_s32k144.o(.text)
    CAN0_ORed_0_15_MB_IRQHandler             0x00000565   Thumb Code     0  startup_s32k144.o(.text)
    CAN0_ORed_16_31_MB_IRQHandler            0x00000565   Thumb Code     0  startup_s32k144.o(.text)
    CAN0_ORed_IRQHandler                     0x00000565   Thumb Code     0  startup_s32k144.o(.text)
    CAN0_Wake_Up_IRQHandler                  0x00000565   Thumb Code     0  startup_s32k144.o(.text)
    CAN1_Error_IRQHandler                    0x00000565   Thumb Code     0  startup_s32k144.o(.text)
    CAN1_ORed_0_15_MB_IRQHandler             0x00000565   Thumb Code     0  startup_s32k144.o(.text)
    CAN1_ORed_IRQHandler                     0x00000565   Thumb Code     0  startup_s32k144.o(.text)
    CAN2_Error_IRQHandler                    0x00000565   Thumb Code     0  startup_s32k144.o(.text)
    CAN2_ORed_0_15_MB_IRQHandler             0x00000565   Thumb Code     0  startup_s32k144.o(.text)
    CAN2_ORed_IRQHandler                     0x00000565   Thumb Code     0  startup_s32k144.o(.text)
    CMP0_IRQHandler                          0x00000565   Thumb Code     0  startup_s32k144.o(.text)
    DMA0_IRQHandler                          0x00000565   Thumb Code     0  startup_s32k144.o(.text)
    DMA10_IRQHandler                         0x00000565   Thumb Code     0  startup_s32k144.o(.text)
    DMA11_IRQHandler                         0x00000565   Thumb Code     0  startup_s32k144.o(.text)
    DMA12_IRQHandler                         0x00000565   Thumb Code     0  startup_s32k144.o(.text)
    DMA13_IRQHandler                         0x00000565   Thumb Code     0  startup_s32k144.o(.text)
    DMA14_IRQHandler                         0x00000565   Thumb Code     0  startup_s32k144.o(.text)
    DMA15_IRQHandler                         0x00000565   Thumb Code     0  startup_s32k144.o(.text)
    DMA1_IRQHandler                          0x00000565   Thumb Code     0  startup_s32k144.o(.text)
    DMA2_IRQHandler                          0x00000565   Thumb Code     0  startup_s32k144.o(.text)
    DMA3_IRQHandler                          0x00000565   Thumb Code     0  startup_s32k144.o(.text)
    DMA4_IRQHandler                          0x00000565   Thumb Code     0  startup_s32k144.o(.text)
    DMA5_IRQHandler                          0x00000565   Thumb Code     0  startup_s32k144.o(.text)
    DMA6_IRQHandler                          0x00000565   Thumb Code     0  startup_s32k144.o(.text)
    DMA7_IRQHandler                          0x00000565   Thumb Code     0  startup_s32k144.o(.text)
    DMA8_IRQHandler                          0x00000565   Thumb Code     0  startup_s32k144.o(.text)
    DMA9_IRQHandler                          0x00000565   Thumb Code     0  startup_s32k144.o(.text)
    DMA_Error_IRQHandler                     0x00000565   Thumb Code     0  startup_s32k144.o(.text)
    ERM_double_fault_IRQHandler              0x00000565   Thumb Code     0  startup_s32k144.o(.text)
    ERM_single_fault_IRQHandler              0x00000565   Thumb Code     0  startup_s32k144.o(.text)
    FLEXIO_IRQHandler                        0x00000565   Thumb Code     0  startup_s32k144.o(.text)
    FTFC_Fault_IRQHandler                    0x00000565   Thumb Code     0  startup_s32k144.o(.text)
    FTFC_IRQHandler                          0x00000565   Thumb Code     0  startup_s32k144.o(.text)
    FTM0_Ch0_Ch1_IRQHandler                  0x00000565   Thumb Code     0  startup_s32k144.o(.text)
    FTM0_Ch2_Ch3_IRQHandler                  0x00000565   Thumb Code     0  startup_s32k144.o(.text)
    FTM0_Ch4_Ch5_IRQHandler                  0x00000565   Thumb Code     0  startup_s32k144.o(.text)
    FTM0_Ch6_Ch7_IRQHandler                  0x00000565   Thumb Code     0  startup_s32k144.o(.text)
    FTM0_Fault_IRQHandler                    0x00000565   Thumb Code     0  startup_s32k144.o(.text)
    FTM0_Ovf_Reload_IRQHandler               0x00000565   Thumb Code     0  startup_s32k144.o(.text)
    FTM1_Ch0_Ch1_IRQHandler                  0x00000565   Thumb Code     0  startup_s32k144.o(.text)
    FTM1_Ch2_Ch3_IRQHandler                  0x00000565   Thumb Code     0  startup_s32k144.o(.text)
    FTM1_Ch4_Ch5_IRQHandler                  0x00000565   Thumb Code     0  startup_s32k144.o(.text)
    FTM1_Ch6_Ch7_IRQHandler                  0x00000565   Thumb Code     0  startup_s32k144.o(.text)
    FTM1_Fault_IRQHandler                    0x00000565   Thumb Code     0  startup_s32k144.o(.text)
    FTM1_Ovf_Reload_IRQHandler               0x00000565   Thumb Code     0  startup_s32k144.o(.text)
    FTM2_Ch0_Ch1_IRQHandler                  0x00000565   Thumb Code     0  startup_s32k144.o(.text)
    FTM2_Ch2_Ch3_IRQHandler                  0x00000565   Thumb Code     0  startup_s32k144.o(.text)
    FTM2_Ch4_Ch5_IRQHandler                  0x00000565   Thumb Code     0  startup_s32k144.o(.text)
    FTM2_Ch6_Ch7_IRQHandler                  0x00000565   Thumb Code     0  startup_s32k144.o(.text)
    FTM2_Fault_IRQHandler                    0x00000565   Thumb Code     0  startup_s32k144.o(.text)
    FTM2_Ovf_Reload_IRQHandler               0x00000565   Thumb Code     0  startup_s32k144.o(.text)
    FTM3_Ch0_Ch1_IRQHandler                  0x00000565   Thumb Code     0  startup_s32k144.o(.text)
    FTM3_Ch2_Ch3_IRQHandler                  0x00000565   Thumb Code     0  startup_s32k144.o(.text)
    FTM3_Ch4_Ch5_IRQHandler                  0x00000565   Thumb Code     0  startup_s32k144.o(.text)
    FTM3_Ch6_Ch7_IRQHandler                  0x00000565   Thumb Code     0  startup_s32k144.o(.text)
    FTM3_Fault_IRQHandler                    0x00000565   Thumb Code     0  startup_s32k144.o(.text)
    FTM3_Ovf_Reload_IRQHandler               0x00000565   Thumb Code     0  startup_s32k144.o(.text)
    LPI2C0_Master_IRQHandler                 0x00000565   Thumb Code     0  startup_s32k144.o(.text)
    LPI2C0_Slave_IRQHandler                  0x00000565   Thumb Code     0  startup_s32k144.o(.text)
    LPIT0_Ch1_IRQHandler                     0x00000565   Thumb Code     0  startup_s32k144.o(.text)
    LPIT0_Ch2_IRQHandler                     0x00000565   Thumb Code     0  startup_s32k144.o(.text)
    LPIT0_Ch3_IRQHandler                     0x00000565   Thumb Code     0  startup_s32k144.o(.text)
    LPSPI0_IRQHandler                        0x00000565   Thumb Code     0  startup_s32k144.o(.text)
    LPSPI1_IRQHandler                        0x00000565   Thumb Code     0  startup_s32k144.o(.text)
    LPSPI2_IRQHandler                        0x00000565   Thumb Code     0  startup_s32k144.o(.text)
    LPTMR0_IRQHandler                        0x00000565   Thumb Code     0  startup_s32k144.o(.text)
    LPUART0_RxTx_IRQHandler                  0x00000565   Thumb Code     0  startup_s32k144.o(.text)
    LPUART2_RxTx_IRQHandler                  0x00000565   Thumb Code     0  startup_s32k144.o(.text)
    LVD_LVW_IRQHandler                       0x00000565   Thumb Code     0  startup_s32k144.o(.text)
    MCM_IRQHandler                           0x00000565   Thumb Code     0  startup_s32k144.o(.text)
    PDB0_IRQHandler                          0x00000565   Thumb Code     0  startup_s32k144.o(.text)
    PDB1_IRQHandler                          0x00000565   Thumb Code     0  startup_s32k144.o(.text)
    PORTA_IRQHandler                         0x00000565   Thumb Code     0  startup_s32k144.o(.text)
    PORTB_IRQHandler                         0x00000565   Thumb Code     0  startup_s32k144.o(.text)
    PORTE_IRQHandler                         0x00000565   Thumb Code     0  startup_s32k144.o(.text)
    RCM_IRQHandler                           0x00000565   Thumb Code     0  startup_s32k144.o(.text)
    RTC_IRQHandler                           0x00000565   Thumb Code     0  startup_s32k144.o(.text)
    RTC_Seconds_IRQHandler                   0x00000565   Thumb Code     0  startup_s32k144.o(.text)
    Read_Collision_IRQHandler                0x00000565   Thumb Code     0  startup_s32k144.o(.text)
    Reserved100_IRQHandler                   0x00000565   Thumb Code     0  startup_s32k144.o(.text)
    Reserved103_IRQHandler                   0x00000565   Thumb Code     0  startup_s32k144.o(.text)
    Reserved105_IRQHandler                   0x00000565   Thumb Code     0  startup_s32k144.o(.text)
    Reserved106_IRQHandler                   0x00000565   Thumb Code     0  startup_s32k144.o(.text)
    Reserved107_IRQHandler                   0x00000565   Thumb Code     0  startup_s32k144.o(.text)
    Reserved110_IRQHandler                   0x00000565   Thumb Code     0  startup_s32k144.o(.text)
    Reserved112_IRQHandler                   0x00000565   Thumb Code     0  startup_s32k144.o(.text)
    Reserved113_IRQHandler                   0x00000565   Thumb Code     0  startup_s32k144.o(.text)
    Reserved114_IRQHandler                   0x00000565   Thumb Code     0  startup_s32k144.o(.text)
    Reserved45_IRQHandler                    0x00000565   Thumb Code     0  startup_s32k144.o(.text)
    Reserved46_IRQHandler                    0x00000565   Thumb Code     0  startup_s32k144.o(.text)
    Reserved48_IRQHandler                    0x00000565   Thumb Code     0  startup_s32k144.o(.text)
    Reserved50_IRQHandler                    0x00000565   Thumb Code     0  startup_s32k144.o(.text)
    Reserved52_IRQHandler                    0x00000565   Thumb Code     0  startup_s32k144.o(.text)
    Reserved53_IRQHandler                    0x00000565   Thumb Code     0  startup_s32k144.o(.text)
    Reserved54_IRQHandler                    0x00000565   Thumb Code     0  startup_s32k144.o(.text)
    Reserved58_IRQHandler                    0x00000565   Thumb Code     0  startup_s32k144.o(.text)
    Reserved59_IRQHandler                    0x00000565   Thumb Code     0  startup_s32k144.o(.text)
    Reserved69_IRQHandler                    0x00000565   Thumb Code     0  startup_s32k144.o(.text)
    Reserved70_IRQHandler                    0x00000565   Thumb Code     0  startup_s32k144.o(.text)
    Reserved71_IRQHandler                    0x00000565   Thumb Code     0  startup_s32k144.o(.text)
    Reserved72_IRQHandler                    0x00000565   Thumb Code     0  startup_s32k144.o(.text)
    Reserved81_IRQHandler                    0x00000565   Thumb Code     0  startup_s32k144.o(.text)
    Reserved82_IRQHandler                    0x00000565   Thumb Code     0  startup_s32k144.o(.text)
    Reserved83_IRQHandler                    0x00000565   Thumb Code     0  startup_s32k144.o(.text)
    Reserved86_IRQHandler                    0x00000565   Thumb Code     0  startup_s32k144.o(.text)
    Reserved87_IRQHandler                    0x00000565   Thumb Code     0  startup_s32k144.o(.text)
    Reserved88_IRQHandler                    0x00000565   Thumb Code     0  startup_s32k144.o(.text)
    Reserved89_IRQHandler                    0x00000565   Thumb Code     0  startup_s32k144.o(.text)
    Reserved90_IRQHandler                    0x00000565   Thumb Code     0  startup_s32k144.o(.text)
    Reserved91_IRQHandler                    0x00000565   Thumb Code     0  startup_s32k144.o(.text)
    Reserved92_IRQHandler                    0x00000565   Thumb Code     0  startup_s32k144.o(.text)
    Reserved93_IRQHandler                    0x00000565   Thumb Code     0  startup_s32k144.o(.text)
    Reserved99_IRQHandler                    0x00000565   Thumb Code     0  startup_s32k144.o(.text)
    SCG_IRQHandler                           0x00000565   Thumb Code     0  startup_s32k144.o(.text)
    SWI_IRQHandler                           0x00000565   Thumb Code     0  startup_s32k144.o(.text)
    WDOG_EWM_IRQHandler                      0x00000565   Thumb Code     0  startup_s32k144.o(.text)
    exit                                     0x0000057d   Thumb Code    18  exit.o(.text)
    __I$use$semihosting                      0x0000058f   Thumb Code     0  use_no_semi.o(.text)
    __use_no_semihosting_swi                 0x0000058f   Thumb Code     2  use_no_semi.o(.text)
    __semihosting_library_function           0x00000591   Thumb Code     0  indicate_semi.o(.text)
    _sys_exit                                0x00000591   Thumb Code     8  sys_exit.o(.text)
    LPIT0_Ch0_IRQHandler                     0x0000059d   Thumb Code   148  portd_irqhandler.o(.text.LPIT0_Ch0_IRQHandler)
    LPUART1_RxTx_IRQHandler                  0x00000631   Thumb Code    68  portd_irqhandler.o(.text.LPUART1_RxTx_IRQHandler)
    PORTC_IRQHandler                         0x00000675   Thumb Code   392  portd_irqhandler.o(.text.PORTC_IRQHandler)
    PORTD_IRQHandler                         0x000007fd   Thumb Code    18  portd_irqhandler.o(.text.PORTD_IRQHandler)
    SystemInit                               0x00000811   Thumb Code    82  system_s32k144.o(.text.SystemInit)
    display_                                 0x00000865   Thumb Code   906  main.o(.text.display_)
    init_data_bss                            0x00000bf1   Thumb Code   160  startup.o(.text.init_data_bss)
    init_lpspi                               0x00000c91   Thumb Code   230  lpspi.o(.text.init_lpspi)
    init_lpuart_interrupt                    0x00000d79   Thumb Code   190  lpuart.o(.text.init_lpuart_interrupt)
    isleapyear                               0x00000e39   Thumb Code   126  main.o(.text.isleapyear)
    main                                     0x00000eb9   Thumb Code   238  main.o(.text.main)
    process_alarm                            0x00000fa9   Thumb Code    90  main.o(.text.process_alarm)
    process_time                             0x00001005   Thumb Code   454  main.o(.text.process_time)
    set_enable_nvic_lpuart_transmit          0x000011cd   Thumb Code    20  nvic.o(.text.set_enable_nvic_lpuart_transmit)
    set_spll_sysclk                          0x000011e1   Thumb Code   300  clock.o(.text.set_spll_sysclk)
    transmit_data                            0x0000130d   Thumb Code    64  lpspi.o(.text.transmit_data)
    _fp_init                                 0x0000134d   Thumb Code    26  fpinit.o(x$fpl$fpinit)
    __fplib_config_fpu_vfp                   0x00001365   Thumb Code     0  fpinit.o(x$fpl$fpinit)
    __fplib_config_pureend_doubles           0x00001365   Thumb Code     0  fpinit.o(x$fpl$fpinit)
    Region$$Table$$Base                      0x00001368   Number         0  anon$$obj.o(Region$$Table)
    Image$$ER_m_text$$Limit                  0x00001388   Number         0  anon$$obj.o ABSOLUTE
    Region$$Table$$Limit                     0x00001388   Number         0  anon$$obj.o(Region$$Table)
    Image$$VECTOR_RAM$$Base                  0x1fff8000   Number         0  anon$$obj.o ABSOLUTE
    Image$$RW_m_data$$Base                   0x1fff8400   Number         0  anon$$obj.o ABSOLUTE
    __ARM_use_no_argv                        0x1fff8400   Data           4  main.o(.ARM.use_no_argv)
    Image$$RW_m_code$$Base                   0x1fff8414   Number         0  anon$$obj.o ABSOLUTE
    Image$$RW_m_code$$Limit                  0x1fff8414   Number         0  anon$$obj.o ABSOLUTE
    Image$$RW_m_data$$Limit                  0x1fff8414   Number         0  anon$$obj.o ABSOLUTE
    Image$$RW_m_custom_section$$Base         0x20000000   Number         0  anon$$obj.o ABSOLUTE
    Image$$RW_m_custom_section$$Limit        0x20000000   Number         0  anon$$obj.o ABSOLUTE
    Image$$RW_m_data_2$$ZI$$Base             0x20000000   Number         0  anon$$obj.o ABSOLUTE
    Image$$ARM_LIB_HEAP$$ZI$$Base            0x20000130   Number         0  anon$$obj.o ABSOLUTE
    Image$$RW_m_data_2$$ZI$$Limit            0x20000130   Number         0  anon$$obj.o ABSOLUTE
    Image$$ARM_LIB_HEAP$$ZI$$Limit           0x20000530   Number         0  anon$$obj.o ABSOLUTE
    Image$$ARM_LIB_STACK$$Limit              0x20006c00   Number         0  anon$$obj.o ABSOLUTE
    Image$$ARM_LIB_STACK$$ZI$$Limit          0x20007000   Number         0  anon$$obj.o ABSOLUTE



==============================================================================

Memory Map of the image

  Image Entry point : 0x00000415

  Load Region LR_m_text (Base: 0x00000000, Size: 0x0000139c, Max: 0x00080000, ABSOLUTE)

    Execution Region VECTOR_ROM (Exec base: 0x00000000, Load base: 0x00000000, Size: 0x00000230, Max: 0x00000400, ABSOLUTE)

    Exec Addr    Load Addr    Size         Type   Attr      Idx    E Section Name        Object

    0x00000000   0x00000000   0x00000230   Data   RO          164    RESET               startup_s32k144.o


    Execution Region ER_m_flash_config (Exec base: 0x00000400, Load base: 0x00000400, Size: 0x00000010, Max: 0x00000010, ABSOLUTE, FIXED)

    Exec Addr    Load Addr    Size         Type   Attr      Idx    E Section Name        Object

    0x00000400   0x00000400   0x00000010   Data   RO          165    FlashConfig         startup_s32k144.o


    Execution Region ER_m_text_const (Exec base: 0x00000410, Load base: 0x00000410, Size: 0x00000004, Max: 0xffffffff, ABSOLUTE)

    Exec Addr    Load Addr    Size         Type   Attr      Idx    E Section Name        Object

    0x00000410   0x00000410   0x00000004   Data   RO          157    .rodata.s_vectors   startup.o


    Execution Region ER_m_text (Exec base: 0x00000414, Load base: 0x00000414, Size: 0x00000f74, Max: 0x0007fbf0, ABSOLUTE)

    Exec Addr    Load Addr    Size         Type   Attr      Idx    E Section Name        Object

    0x00000414   0x00000414   0x00000008   Code   RO          192  * !!!main             c_w.l(__main.o)
    0x0000041c   0x0000041c   0x0000005c   Code   RO          577    !!!scatter          c_w.l(__scatter.o)
    0x00000478   0x00000478   0x0000001a   Code   RO          581    !!handler_copy      c_w.l(__scatter_copy.o)
    0x00000492   0x00000492   0x00000002   PAD
    0x00000494   0x00000494   0x00000002   Code   RO          578    !!handler_null      c_w.l(__scatter.o)
    0x00000496   0x00000496   0x00000002   PAD
    0x00000498   0x00000498   0x0000001c   Code   RO          583    !!handler_zi        c_w.l(__scatter_zi.o)
    0x000004b4   0x000004b4   0x00000002   Code   RO          311    .ARM.Collect$$libinit$$00000000  c_w.l(libinit.o)
    0x000004b6   0x000004b6   0x00000004   Code   RO          374    .ARM.Collect$$libinit$$00000001  c_w.l(libinit2.o)
    0x000004ba   0x000004ba   0x00000000   Code   RO          377    .ARM.Collect$$libinit$$00000004  c_w.l(libinit2.o)
    0x000004ba   0x000004ba   0x00000000   Code   RO          379    .ARM.Collect$$libinit$$00000006  c_w.l(libinit2.o)
    0x000004ba   0x000004ba   0x00000000   Code   RO          382    .ARM.Collect$$libinit$$0000000C  c_w.l(libinit2.o)
    0x000004ba   0x000004ba   0x00000000   Code   RO          384    .ARM.Collect$$libinit$$0000000E  c_w.l(libinit2.o)
    0x000004ba   0x000004ba   0x00000000   Code   RO          386    .ARM.Collect$$libinit$$00000010  c_w.l(libinit2.o)
    0x000004ba   0x000004ba   0x00000000   Code   RO          389    .ARM.Collect$$libinit$$00000013  c_w.l(libinit2.o)
    0x000004ba   0x000004ba   0x00000000   Code   RO          391    .ARM.Collect$$libinit$$00000015  c_w.l(libinit2.o)
    0x000004ba   0x000004ba   0x00000000   Code   RO          393    .ARM.Collect$$libinit$$00000017  c_w.l(libinit2.o)
    0x000004ba   0x000004ba   0x00000000   Code   RO          395    .ARM.Collect$$libinit$$00000019  c_w.l(libinit2.o)
    0x000004ba   0x000004ba   0x00000000   Code   RO          397    .ARM.Collect$$libinit$$0000001B  c_w.l(libinit2.o)
    0x000004ba   0x000004ba   0x00000000   Code   RO          399    .ARM.Collect$$libinit$$0000001D  c_w.l(libinit2.o)
    0x000004ba   0x000004ba   0x00000000   Code   RO          401    .ARM.Collect$$libinit$$0000001F  c_w.l(libinit2.o)
    0x000004ba   0x000004ba   0x00000000   Code   RO          403    .ARM.Collect$$libinit$$00000021  c_w.l(libinit2.o)
    0x000004ba   0x000004ba   0x00000000   Code   RO          405    .ARM.Collect$$libinit$$00000023  c_w.l(libinit2.o)
    0x000004ba   0x000004ba   0x00000000   Code   RO          407    .ARM.Collect$$libinit$$00000025  c_w.l(libinit2.o)
    0x000004ba   0x000004ba   0x00000000   Code   RO          409    .ARM.Collect$$libinit$$00000027  c_w.l(libinit2.o)
    0x000004ba   0x000004ba   0x00000000   Code   RO          413    .ARM.Collect$$libinit$$0000002E  c_w.l(libinit2.o)
    0x000004ba   0x000004ba   0x00000000   Code   RO          415    .ARM.Collect$$libinit$$00000030  c_w.l(libinit2.o)
    0x000004ba   0x000004ba   0x00000000   Code   RO          417    .ARM.Collect$$libinit$$00000032  c_w.l(libinit2.o)
    0x000004ba   0x000004ba   0x00000000   Code   RO          419    .ARM.Collect$$libinit$$00000034  c_w.l(libinit2.o)
    0x000004ba   0x000004ba   0x00000002   Code   RO          420    .ARM.Collect$$libinit$$00000035  c_w.l(libinit2.o)
    0x000004bc   0x000004bc   0x00000002   Code   RO          482    .ARM.Collect$$libshutdown$$00000000  c_w.l(libshutdown.o)
    0x000004be   0x000004be   0x00000000   Code   RO          512    .ARM.Collect$$libshutdown$$00000002  c_w.l(libshutdown2.o)
    0x000004be   0x000004be   0x00000000   Code   RO          514    .ARM.Collect$$libshutdown$$00000004  c_w.l(libshutdown2.o)
    0x000004be   0x000004be   0x00000000   Code   RO          517    .ARM.Collect$$libshutdown$$00000007  c_w.l(libshutdown2.o)
    0x000004be   0x000004be   0x00000000   Code   RO          520    .ARM.Collect$$libshutdown$$0000000A  c_w.l(libshutdown2.o)
    0x000004be   0x000004be   0x00000000   Code   RO          522    .ARM.Collect$$libshutdown$$0000000C  c_w.l(libshutdown2.o)
    0x000004be   0x000004be   0x00000000   Code   RO          525    .ARM.Collect$$libshutdown$$0000000F  c_w.l(libshutdown2.o)
    0x000004be   0x000004be   0x00000002   Code   RO          526    .ARM.Collect$$libshutdown$$00000010  c_w.l(libshutdown2.o)
    0x000004c0   0x000004c0   0x00000000   Code   RO          194    .ARM.Collect$$rtentry$$00000000  c_w.l(__rtentry.o)
    0x000004c0   0x000004c0   0x00000000   Code   RO          216    .ARM.Collect$$rtentry$$00000002  c_w.l(__rtentry2.o)
    0x000004c0   0x000004c0   0x00000004   Code   RO          230    .ARM.Collect$$rtentry$$00000007  c_w.l(__rtentry7.o)
    0x000004c4   0x000004c4   0x00000000   Code   RO          218    .ARM.Collect$$rtentry$$00000009  c_w.l(__rtentry2.o)
    0x000004c4   0x000004c4   0x00000004   Code   RO          219    .ARM.Collect$$rtentry$$0000000A  c_w.l(__rtentry2.o)
    0x000004c8   0x000004c8   0x00000000   Code   RO          221    .ARM.Collect$$rtentry$$0000000C  c_w.l(__rtentry2.o)
    0x000004c8   0x000004c8   0x00000008   Code   RO          222    .ARM.Collect$$rtentry$$0000000D  c_w.l(__rtentry2.o)
    0x000004d0   0x000004d0   0x00000004   Code   RO          231    .ARM.Collect$$rtentry$$00002718  c_w.l(__rtentry7.o)
    0x000004d4   0x000004d4   0x00000002   Code   RO          340    .ARM.Collect$$rtexit$$00000000  c_w.l(rtexit.o)
    0x000004d6   0x000004d6   0x00000000   Code   RO          441    .ARM.Collect$$rtexit$$00000002  c_w.l(rtexit2.o)
    0x000004d6   0x000004d6   0x00000004   Code   RO          442    .ARM.Collect$$rtexit$$00000003  c_w.l(rtexit2.o)
    0x000004da   0x000004da   0x00000006   Code   RO          443    .ARM.Collect$$rtexit$$00000004  c_w.l(rtexit2.o)
    0x000004e0   0x000004e0   0x0000009c   Code   RO          163    .text               startup_s32k144.o
    0x0000057c   0x0000057c   0x00000012   Code   RO          302    .text               c_w.l(exit.o)
    0x0000058e   0x0000058e   0x00000002   Code   RO          437    .text               c_w.l(use_no_semi.o)
    0x00000590   0x00000590   0x00000000   Code   RO          439    .text               c_w.l(indicate_semi.o)
    0x00000590   0x00000590   0x0000000c   Code   RO          472    .text               c_w.l(sys_exit.o)
    0x0000059c   0x0000059c   0x00000094   Code   RO          109    .text.LPIT0_Ch0_IRQHandler  portd_irqhandler.o
    0x00000630   0x00000630   0x00000044   Code   RO          113    .text.LPUART1_RxTx_IRQHandler  portd_irqhandler.o
    0x00000674   0x00000674   0x00000188   Code   RO          111    .text.PORTC_IRQHandler  portd_irqhandler.o
    0x000007fc   0x000007fc   0x00000012   Code   RO          107    .text.PORTD_IRQHandler  portd_irqhandler.o
    0x0000080e   0x0000080e   0x00000002   PAD
    0x00000810   0x00000810   0x00000052   Code   RO          172    .text.SystemInit    system_s32k144.o
    0x00000862   0x00000862   0x00000002   PAD
    0x00000864   0x00000864   0x0000038a   Code   RO            9    .text.display_      main.o
    0x00000bee   0x00000bee   0x00000002   PAD
    0x00000bf0   0x00000bf0   0x000000a0   Code   RO          155    .text.init_data_bss  startup.o
    0x00000c90   0x00000c90   0x000000e6   Code   RO          144    .text.init_lpspi    lpspi.o
    0x00000d76   0x00000d76   0x00000002   PAD
    0x00000d78   0x00000d78   0x000000be   Code   RO           74    .text.init_lpuart_interrupt  lpuart.o
    0x00000e36   0x00000e36   0x00000002   PAD
    0x00000e38   0x00000e38   0x0000007e   Code   RO           15    .text.isleapyear    main.o
    0x00000eb6   0x00000eb6   0x00000002   PAD
    0x00000eb8   0x00000eb8   0x000000ee   Code   RO            5    .text.main          main.o
    0x00000fa6   0x00000fa6   0x00000002   PAD
    0x00000fa8   0x00000fa8   0x0000005a   Code   RO           11    .text.process_alarm  main.o
    0x00001002   0x00001002   0x00000002   PAD
    0x00001004   0x00001004   0x000001c6   Code   RO            7    .text.process_time  main.o
    0x000011ca   0x000011ca   0x00000002   PAD
    0x000011cc   0x000011cc   0x00000014   Code   RO          131    .text.set_enable_nvic_lpuart_transmit  nvic.o
    0x000011e0   0x000011e0   0x0000012c   Code   RO           63    .text.set_spll_sysclk  clock.o
    0x0000130c   0x0000130c   0x00000040   Code   RO          146    .text.transmit_data  lpspi.o
    0x0000134c   0x0000134c   0x0000001a   Code   RO          460    x$fpl$fpinit        fz_wm.l(fpinit.o)
    0x00001366   0x00001366   0x00000002   PAD
    0x00001368   0x00001368   0x00000020   Data   RO          576    Region$$Table       anon$$obj.o


    Execution Region VECTOR_RAM (Exec base: 0x1fff8000, Load base: 0x00000230, Size: 0x00000400, Max: 0x00000400, ABSOLUTE)

    Exec Addr    Load Addr    Size         Type   Attr      Idx    E Section Name        Object

    0x1fff8000        -       0x00000400   Zero   RW            1    VECTOR_RAM.bss      anon$$obj.o


    Execution Region RW_m_data (Exec base: 0x1fff8400, Load base: 0x00001388, Size: 0x00000014, Max: 0xffffffff, ABSOLUTE)

    Exec Addr    Load Addr    Size         Type   Attr      Idx    E Section Name        Object

    0x1fff8400   0x00001388   0x00000004   Data   RW           49    .ARM.use_no_argv    main.o
    0x1fff8404   0x0000138c   0x00000002   Data   RW           25    .data.alarm_hour    main.o
    0x1fff8406   0x0000138e   0x00000002   Data   RW           26    .data.alarm_minute  main.o
    0x1fff8408   0x00001390   0x00000002   Data   RW           22    .data.day           main.o
    0x1fff840a   0x00001392   0x00000002   Data   RW           19    .data.hour          main.o
    0x1fff840c   0x00001394   0x00000002   Data   RW           20    .data.minute        main.o
    0x1fff840e   0x00001396   0x00000002   Data   RW           23    .data.month         main.o
    0x1fff8410   0x00001398   0x00000002   Data   RW           21    .data.second        main.o
    0x1fff8412   0x0000139a   0x00000002   Data   RW           24    .data.year          main.o


    Execution Region RW_m_code (Exec base: 0x1fff8414, Load base: 0x0000139c, Size: 0x00000000, Max: 0x00007c00, ABSOLUTE)

    **** No section assigned to this execution region ****


    Execution Region RW_m_custom_section (Exec base: 0x20000000, Load base: 0x0000139c, Size: 0x00000000, Max: 0xffffffff, ABSOLUTE)

    **** No section assigned to this execution region ****


    Execution Region RW_m_data_2 (Exec base: 0x20000000, Load base: 0x0000139c, Size: 0x00000130, Max: 0x00006800, ABSOLUTE)

    Exec Addr    Load Addr    Size         Type   Attr      Idx    E Section Name        Object

    0x20000000        -       0x00000001   Zero   RW           47    .bss.alarm_hour1    main.o
    0x20000001        -       0x00000001   Zero   RW           48    .bss.alarm_hour2    main.o
    0x20000002        -       0x00000001   Zero   RW           45    .bss.alarm_minute1  main.o
    0x20000003        -       0x00000001   Zero   RW           46    .bss.alarm_minute2  main.o
    0x20000004        -       0x00000002   Zero   RW           27    .bss.alarmonof      main.o
    0x20000006        -       0x00000002   Zero   RW          117    .bss.alarmonof      portd_irqhandler.o
    0x20000008        -       0x00000001   Zero   RW           37    .bss.day1           main.o
    0x20000009        -       0x00000001   Zero   RW           38    .bss.day2           main.o
    0x2000000a        -       0x00000002   Zero   RW           29    .bss.dayinmonth     main.o
    0x2000000c        -       0x00000001   Zero   RW           35    .bss.hour1          main.o
    0x2000000d        -       0x00000001   Zero   RW           36    .bss.hour2          main.o
    0x2000000e   0x0000139c   0x00000002   PAD
    0x20000010        -       0x00000004   Zero   RW          121    .bss.index          portd_irqhandler.o
    0x20000014        -       0x00000001   Zero   RW          118    .bss.intensity_lv   portd_irqhandler.o
    0x20000015        -       0x00000001   Zero   RW           33    .bss.minute1        main.o
    0x20000016        -       0x00000001   Zero   RW           34    .bss.minute2        main.o
    0x20000017   0x0000139c   0x00000001   PAD
    0x20000018        -       0x00000004   Zero   RW           30    .bss.mode_display   main.o
    0x2000001c        -       0x00000004   Zero   RW          116    .bss.mode_display   portd_irqhandler.o
    0x20000020        -       0x00000001   Zero   RW           39    .bss.month1         main.o
    0x20000021        -       0x00000001   Zero   RW           40    .bss.month2         main.o
    0x20000022        -       0x00000001   Zero   RW          119    .bss.receive        portd_irqhandler.o
    0x20000023        -       0x00000100   Zero   RW          120    .bss.rxlpuart       portd_irqhandler.o
    0x20000123        -       0x00000001   Zero   RW           31    .bss.second1        main.o
    0x20000124        -       0x00000001   Zero   RW           32    .bss.second2        main.o
    0x20000125   0x0000139c   0x00000003   PAD
    0x20000128        -       0x00000004   Zero   RW          115    .bss.time_alarm     portd_irqhandler.o
    0x2000012c        -       0x00000001   Zero   RW           41    .bss.year1          main.o
    0x2000012d        -       0x00000001   Zero   RW           42    .bss.year2          main.o
    0x2000012e        -       0x00000001   Zero   RW           43    .bss.year3          main.o
    0x2000012f        -       0x00000001   Zero   RW           44    .bss.year4          main.o


    Execution Region ARM_LIB_HEAP (Exec base: 0x20000130, Load base: 0x0000139c, Size: 0x00000400, Max: 0x00000400, ABSOLUTE)

    Exec Addr    Load Addr    Size         Type   Attr      Idx    E Section Name        Object

    0x20000130        -       0x00000400   Zero   RW            2    ARM_LIB_HEAP.bss    anon$$obj.o


    Execution Region ARM_LIB_STACK (Exec base: 0x20006c00, Load base: 0x0000139c, Size: 0x00000400, Max: 0x00000400, ABSOLUTE)

    Exec Addr    Load Addr    Size         Type   Attr      Idx    E Section Name        Object

    0x20006c00        -       0x00000400   Zero   RW            3    ARM_LIB_STACK.bss   anon$$obj.o


==============================================================================

Image component sizes


      Code (inc. data)   RO Data    RW Data    ZI Data      Debug   Object Name

       300          0          0          0          0       6635   clock.o
       294          0          0          0          0       6832   lpspi.o
       190          0          0          0          0       9464   lpuart.o
      1814          0          0         20         26      10731   main.o
        20          0          0          0          0       6059   nvic.o
       626          8          0          0        272       9201   portd_irqhandler.o
       160          0          4          0          0       1048   startup.o
       156        106        576          0          0        904   startup_s32k144.o
        82          0          0          0          0       2818   system_s32k144.o

    ----------------------------------------------------------------------
      3660        114        612         20       3376      53692   Object Totals
         0          0         32          0       3072          0   (incl. Generated)
        18          0          0          0          6          0   (incl. Padding)

    ----------------------------------------------------------------------

      Code (inc. data)   RO Data    RW Data    ZI Data      Debug   Library Member Name

         8          0          0          0          0         68   __main.o
         0          0          0          0          0          0   __rtentry.o
        12          0          0          0          0          0   __rtentry2.o
         8          4          0          0          0          0   __rtentry7.o
        94          8          0          0          0          0   __scatter.o
        26          0          0          0          0          0   __scatter_copy.o
        28          0          0          0          0          0   __scatter_zi.o
        18          0          0          0          0         80   exit.o
         0          0          0          0          0          0   indicate_semi.o
         2          0          0          0          0          0   libinit.o
         6          0          0          0          0          0   libinit2.o
         2          0          0          0          0          0   libshutdown.o
         2          0          0          0          0          0   libshutdown2.o
         2          0          0          0          0          0   rtexit.o
        10          0          0          0          0          0   rtexit2.o
        12          4          0          0          0         68   sys_exit.o
         2          0          0          0          0         68   use_no_semi.o
        26          0          0          0          0        116   fpinit.o

    ----------------------------------------------------------------------
       264         16          0          0          0        400   Library Totals
         6          0          0          0          0          0   (incl. Padding)

    ----------------------------------------------------------------------

      Code (inc. data)   RO Data    RW Data    ZI Data      Debug   Library Name

       232         16          0          0          0        284   c_w.l
        26          0          0          0          0        116   fz_wm.l

    ----------------------------------------------------------------------
       264         16          0          0          0        400   Library Totals

    ----------------------------------------------------------------------

==============================================================================


      Code (inc. data)   RO Data    RW Data    ZI Data      Debug   

      3924        130        612         20       3376      54020   Grand Totals
      3924        130        612         20       3376      54020   ELF Image Totals
      3924        130        612         20          0          0   ROM Totals

==============================================================================

    Total RO  Size (Code + RO Data)                 4536 (   4.43kB)
    Total RW  Size (RW Data + ZI Data)              3396 (   3.32kB)
    Total ROM Size (Code + RO Data + RW Data)       4556 (   4.45kB)

==============================================================================

