<html>
<body>
<pre>
<h1>µVision Build Log</h1>
<h2>Tool Versions:</h2>
IDE-Version: µVision V5.39.0.0
Copyright (C) 2023 ARM Ltd and ARM Germany GmbH. All rights reserved.
License Information: phan huynh, fpt, LIC=CZLZX-HMN9B-01JP1-CW3G3-69JMQ-VFG0J
 
Tool Versions:
Toolchain:       MDK-ARM Plus  Version: 5.39.0.0
Toolchain Path:  C:\Keil_v5\ARM\ARMCLANG\Bin
C Compiler:      ArmClang.exe V6.21
Assembler:       Armasm.exe V6.21
Linker/Locator:  ArmLink.exe V6.21
Library Manager: ArmAr.exe V6.21
Hex Converter:   FromElf.exe V6.21
CPU DLL:         SARMCM3.DLL V5.39.0.0
Dialog DLL:      DCM.DLL V1.17.5.0
Target DLL:      PEMicro\Pemicro_ArmCortexInterface.dll V1.3.0.0
Dialog DLL:      TCM.DLL V1.56.4.0
 
<h2>Project:</h2>
D:\HOC_EMBEDED\LPUART1\lpuart1.uvprojx
Project File Date:  12/20/2023

<h2>Output:</h2>
*** Using Compiler 'V6.21', folder: 'C:\Keil_v5\ARM\ARMCLANG\Bin'
Rebuild target 'field lpuart1'
source/delay.c(5): warning: In file included from...
./include\nvic.h(122): warning: invalid UTF-8 in comment [-Winvalid-utf8]
  122 |         NVIC_IRQn_CAN0_ORED                                                = 78u, /* OR<92>ed [Bus Off OR Bus Off Done OR Transmit Warning OR Receive Warning] */
      |                                                                                        ^
./include\nvic.h(132): warning: invalid UTF-8 in comment [-Winvalid-utf8]
  132 |         NVIC_IRQn_CAN1_ORED_Transmit             = 85u, /* OR<92>ed [Bus Off OR Bus Off Done OR Transmit Warning OR Receive Warning] */
      |                                                              ^
./include\nvic.h(140): warning: invalid UTF-8 in comment [-Winvalid-utf8]
  140 |         NVIC_IRQn_CAN2_ORED                                                      = 92u, /* OR<92>ed [Bus Off OR Bus Off Done OR Transmit Warning OR Receive Warning] */
      |                                                                                              ^
3 warnings generated.
compiling delay.c...
compiling clock.c...
compiling lpspi.c...
nvic.c(2): warning: In file included from...
./include\nvic.h(122): warning: invalid UTF-8 in comment [-Winvalid-utf8]
  122 |         NVIC_IRQn_CAN0_ORED                                                = 78u, /* OR<92>ed [Bus Off OR Bus Off Done OR Transmit Warning OR Receive Warning] */
      |                                                                                        ^
./include\nvic.h(132): warning: invalid UTF-8 in comment [-Winvalid-utf8]
  132 |         NVIC_IRQn_CAN1_ORED_Transmit             = 85u, /* OR<92>ed [Bus Off OR Bus Off Done OR Transmit Warning OR Receive Warning] */
      |                                                              ^
./include\nvic.h(140): warning: invalid UTF-8 in comment [-Winvalid-utf8]
  140 |         NVIC_IRQn_CAN2_ORED                                                      = 92u, /* OR<92>ed [Bus Off OR Bus Off Done OR Transmit Warning OR Receive Warning] */
      |                                                                                              ^
nvic.c(7): warning: unsafe buffer access [-Wunsafe-buffer-usage]
    7 |         NVIC->ISER[NVIC_IRQn_LPIT0_ch0/32] = SET_BIT(NVIC->ISER[NVIC_IRQn_LPIT0_ch0/32], (NVIC_IRQn_LPIT0_ch0 % 32));
      |         ^~~~~~~~~~
./include\nvic.h(201): note: expanded from macro 'NVIC'
  201 | #define NVIC                                                                                            ((nvic_t *) NVIC_address_base)
      |                                                                                                         ^
nvic.c(7): warning: unsafe buffer access [-Wunsafe-buffer-usage]
    7 |         NVIC->ISER[NVIC_IRQn_LPIT0_ch0/32] = SET_BIT(NVIC->ISER[NVIC_IRQn_LPIT0_ch0/32], (NVIC_IRQn_LPIT0_ch0 % 32));
      |                                              ~~~~~~~~^~~~~~~~~~~~~~~~~~~~~~~~~~~~~~~~~~~~~~~~~~~~~~~~~~~~~~~~~~~~~~~
./include\nvic.h(201): note: expanded from macro 'NVIC'
  201 | #define NVIC                                                                                            ((nvic_t *) NVIC_address_base)
      |                                                                                                         ^
./include\nvic.h(204): note: expanded from macro 'SET_BIT'
  204 | #define SET_BIT(reg, offset)            ((reg) |= (1 << (offset)))
      |                                           ^~~
nvic.c(12): warning: unsafe buffer access [-Wunsafe-buffer-usage]
   12 |         NVIC->ISER[NVIC_IRQn_LUART1_Transmit/32] = SET_BIT(NVIC->ISER[NVIC_IRQn_LUART1_Transmit/32], (NVIC_IRQn_LUART1_Transmit%32));
      |         ^~~~~~~~~~
./include\nvic.h(201): note: expanded from macro 'NVIC'
  201 | #define NVIC                                                                                            ((nvic_t *) NVIC_address_base)
      |                                                                                                         ^
nvic.c(12): warning: unsafe buffer access [-Wunsafe-buffer-usage]
   12 |         NVIC->ISER[NVIC_IRQn_LUART1_Transmit/32] = SET_BIT(NVIC->ISER[NVIC_IRQn_LUART1_Transmit/32], (NVIC_IRQn_LUART1_Transmit%32));
      |                                                    ~~~~~~~~^~~~~~~~~~~~~~~~~~~~~~~~~~~~~~~~~~~~~~~~~~~~~~~~~~~~~~~~~~~~~~~~~~~~~~~~~
./include\nvic.h(201): note: expanded from macro 'NVIC'
  201 | #define NVIC                                                                                            ((nvic_t *) NVIC_address_base)
      |                                                                                                         ^
./include\nvic.h(204): note: expanded from macro 'SET_BIT'
  204 | #define SET_BIT(reg, offset)            ((reg) |= (1 << (offset)))
      |                                           ^~~
nvic.c(17): warning: unsafe buffer access [-Wunsafe-buffer-usage]
   17 |         NVIC->ISER[NVIC_IRQn_LUART1_Receive/32] = SET_BIT(NVIC->ISER[NVIC_IRQn_LUART1_Receive/32], (NVIC_IRQn_LUART1_Receive%32));
      |         ^~~~~~~~~~
./include\nvic.h(201): note: expanded from macro 'NVIC'
  201 | #define NVIC                                                                                            ((nvic_t *) NVIC_address_base)
      |                                                                                                         ^
nvic.c(17): warning: unsafe buffer access [-Wunsafe-buffer-usage]
   17 |         NVIC->ISER[NVIC_IRQn_LUART1_Receive/32] = SET_BIT(NVIC->ISER[NVIC_IRQn_LUART1_Receive/32], (NVIC_IRQn_LUART1_Receive%32));
      |                                                   ~~~~~~~~^~~~~~~~~~~~~~~~~~~~~~~~~~~~~~~~~~~~~~~~~~~~~~~~~~~~~~~~~~~~~~~~~~~~~~~
./include\nvic.h(201): note: expanded from macro 'NVIC'
  201 | #define NVIC                                                                                            ((nvic_t *) NVIC_address_base)
      |                                                                                                         ^
./include\nvic.h(204): note: expanded from macro 'SET_BIT'
  204 | #define SET_BIT(reg, offset)            ((reg) |= (1 << (offset)))
      |                                           ^~~
nvic.c(22): warning: unsafe buffer access [-Wunsafe-buffer-usage]
   22 |         NVIC->ISER[ID/32] = SET_BIT(NVIC->ISER[ID/32], (ID%32));
      |         ^~~~~~~~~~
./include\nvic.h(201): note: expanded from macro 'NVIC'
  201 | #define NVIC                                                                                            ((nvic_t *) NVIC_address_base)
      |                                                                                                         ^
nvic.c(22): warning: unsafe buffer access [-Wunsafe-buffer-usage]
   22 |         NVIC->ISER[ID/32] = SET_BIT(NVIC->ISER[ID/32], (ID%32));
      |                             ~~~~~~~~^~~~~~~~~~~~~~~~~~~~~~~~~~~
./include\nvic.h(201): note: expanded from macro 'NVIC'
  201 | #define NVIC                                                                                            ((nvic_t *) NVIC_address_base)
      |                                                                                                         ^
./include\nvic.h(204): note: expanded from macro 'SET_BIT'
  204 | #define SET_BIT(reg, offset)            ((reg) |= (1 << (offset)))
      |                                           ^~~
11 warnings generated.
compiling nvic.c...
source/PORTD_IRQHandler.c(5): warning: In file included from...
./include\nvic.h(122): warning: invalid UTF-8 in comment [-Winvalid-utf8]
  122 |         NVIC_IRQn_CAN0_ORED                                                = 78u, /* OR<92>ed [Bus Off OR Bus Off Done OR Transmit Warning OR Receive Warning] */
      |                                                                                        ^
./include\nvic.h(132): warning: invalid UTF-8 in comment [-Winvalid-utf8]
  132 |         NVIC_IRQn_CAN1_ORED_Transmit             = 85u, /* OR<92>ed [Bus Off OR Bus Off Done OR Transmit Warning OR Receive Warning] */
      |                                                              ^
./include\nvic.h(140): warning: invalid UTF-8 in comment [-Winvalid-utf8]
  140 |         NVIC_IRQn_CAN2_ORED                                                      = 92u, /* OR<92>ed [Bus Off OR Bus Off Done OR Transmit Warning OR Receive Warning] */
      |                                                                                              ^
source/PORTD_IRQHandler.c(121): warning: unsafe buffer access [-Wunsafe-buffer-usage]
  121 |                 rxlpuart[index++] = receive;
      |                 ^~~~~~~~
4 warnings generated.
compiling PORTD_IRQHandler.c...
lpuart.c(5): warning: In file included from...
./include\nvic.h(122): warning: invalid UTF-8 in comment [-Winvalid-utf8]
  122 |         NVIC_IRQn_CAN0_ORED                                                = 78u, /* OR<92>ed [Bus Off OR Bus Off Done OR Transmit Warning OR Receive Warning] */
      |                                                                                        ^
./include\nvic.h(132): warning: invalid UTF-8 in comment [-Winvalid-utf8]
  132 |         NVIC_IRQn_CAN1_ORED_Transmit             = 85u, /* OR<92>ed [Bus Off OR Bus Off Done OR Transmit Warning OR Receive Warning] */
      |                                                              ^
./include\nvic.h(140): warning: invalid UTF-8 in comment [-Winvalid-utf8]
  140 |         NVIC_IRQn_CAN2_ORED                                                      = 92u, /* OR<92>ed [Bus Off OR Bus Off Done OR Transmit Warning OR Receive Warning] */
      |                                                                                              ^
lpuart.c(130): warning: argument 'character' of type 'volatile unsigned char[]' with mismatched bound [-Warray-parameter]
  130 | void transmitter_1_string(volatile unsigned char character[])
      |                                                  ^
./include\lpuart.h(208): note: previously declared as 'volatile unsigned char[255]' here
  208 | void transmitter_1_string(volatile unsigned char character[255]);
      |                                                  ^
lpuart.c(136): warning: mixing declarations and code is incompatible with standards before C99 [-Wdeclaration-after-statement]
  136 |         uint32_t i = 0;
      |                  ^
lpuart.c(146): warning: declaration shadows a variable in the global scope [-Wshadow]
  146 |         char receive;
      |              ^
./include\lpuart.h(194): note: previous declaration is here
  194 | static char receive;
      |             ^
lpuart.c(137): warning: unsafe buffer access [-Wunsafe-buffer-usage]
  137 |         while(character[i] != NULL )
      |               ^~~~~~~~~
lpuart.c(139): warning: unsafe buffer access [-Wunsafe-buffer-usage]
  139 |                 LPUART1->LPUART_DATA.LPUART_DATA_t.LPUART_DATA_R1T1 = character[i];
      |                                                                       ^~~~~~~~~
8 warnings generated.
compiling lpuart.c...
source/main.c(7): warning: In file included from...
./include\nvic.h(122): warning: invalid UTF-8 in comment [-Winvalid-utf8]
  122 |         NVIC_IRQn_CAN0_ORED                                                = 78u, /* OR<92>ed [Bus Off OR Bus Off Done OR Transmit Warning OR Receive Warning] */
      |                                                                                        ^
./include\nvic.h(132): warning: invalid UTF-8 in comment [-Winvalid-utf8]
  132 |         NVIC_IRQn_CAN1_ORED_Transmit             = 85u, /* OR<92>ed [Bus Off OR Bus Off Done OR Transmit Warning OR Receive Warning] */
      |                                                              ^
./include\nvic.h(140): warning: invalid UTF-8 in comment [-Winvalid-utf8]
  140 |         NVIC_IRQn_CAN2_ORED                                                      = 92u, /* OR<92>ed [Bus Off OR Bus Off Done OR Transmit Warning OR Receive Warning] */
      |                                                                                              ^
source/main.c(91): warning: mixing declarations and code is incompatible with standards before C99 [-Wdeclaration-after-statement]
   91 |                 char sign1, sign2;
      |                      ^
source/main.c(95): warning: unsafe buffer access [-Wunsafe-buffer-usage]
   95 |                 if(rxlpuart[1] == '-' || rxlpuart[2] == '-')
      |                    ^~~~~~~~
source/main.c(95): warning: unsafe buffer access [-Wunsafe-buffer-usage]
   95 |                 if(rxlpuart[1] == '-' || rxlpuart[2] == '-')
      |                                          ^~~~~~~~
source/main.c(102): warning: unsafe buffer access [-Wunsafe-buffer-usage]
  102 |                 else if(rxlpuart[1] == '.' || rxlpuart[2] == '.')
      |                         ^~~~~~~~
source/main.c(102): warning: unsafe buffer access [-Wunsafe-buffer-usage]
  102 |                 else if(rxlpuart[1] == '.' || rxlpuart[2] == '.')
      |                                               ^~~~~~~~
source/main.c(109): warning: unsafe buffer access [-Wunsafe-buffer-usage]
  109 |                 else if(rxlpuart[1] == ':' || rxlpuart[2] == ':')
      |                         ^~~~~~~~
source/main.c(109): warning: unsafe buffer access [-Wunsafe-buffer-usage]
  109 |                 else if(rxlpuart[1] == ':' || rxlpuart[2] == ':')
      |                                               ^~~~~~~~
10 warnings generated.
compiling main.c...
C:/Users/dinhp/AppData/Local/Arm/Packs/Keil/S32_SDK_DFP/1.5.0/platform/devices/startup.c(222): warning: unsafe buffer access [-Wunsafe-buffer-usage]
  222 |             vector_ram[n] = vector_rom[n];
      |             ^~~~~~~~~~
C:/Users/dinhp/AppData/Local/Arm/Packs/Keil/S32_SDK_DFP/1.5.0/platform/devices/startup.c(222): warning: unsafe buffer access [-Wunsafe-buffer-usage]
  222 |             vector_ram[n] = vector_rom[n];
      |                             ^~~~~~~~~~
C:/Users/dinhp/AppData/Local/Arm/Packs/Keil/S32_SDK_DFP/1.5.0/platform/devices/startup.c(225): warning: unsafe buffer access [-Wunsafe-buffer-usage]
  225 |          *s_vectors[coreId] = (uint32_t) __VECTOR_RAM;
      |           ^~~~~~~~~
C:/Users/dinhp/AppData/Local/Arm/Packs/Keil/S32_SDK_DFP/1.5.0/platform/devices/startup.c(230): warning: unsafe buffer access [-Wunsafe-buffer-usage]
  230 |         *s_vectors[coreId] = (uint32_t) __VECTOR_ROM;
      |          ^~~~~~~~~
4 warnings generated.
compiling startup.c...
RTE/Device/S32K144HAxxxLLx/system_S32K144.c(148): warning: unsafe buffer access [-Wunsafe-buffer-usage]
  148 |       SCGOUTClock= fircFreq[regValue];
      |                    ^~~~~~~~
1 warning generated.
compiling system_S32K144.c...
assembling startup_S32K144.S...
linking...
Program Size: Code=3924 RO-data=612 RW-data=20 ZI-data=3376  
".\Objects\lpuart1.axf" - 0 Error(s), 41 Warning(s).

<h2>Software Packages used:</h2>

Package Vendor: ARM
                http://www.keil.com/pack/ARM.CMSIS.5.9.0.pack
                ARM::CMSIS@5.9.0
                CMSIS (Common Microcontroller Software Interface Standard)
   * Component: CORE Version: 5.6.0

Package Vendor: Keil
                http://www.keil.com/pack/Keil.S32_SDK_DFP.1.5.0.pack
                Keil::S32_SDK_DFP@1.5.0
                NXP S32 SDK S32K14x Device Support
   * Component: Startup Version: 2.0.0

<h2>Collection of Component include folders:</h2>
  ./RTE/Device/S32K144HAxxxLLx
  ./RTE/_field_lpuart1
  C:/Users/dinhp/AppData/Local/Arm/Packs/ARM/CMSIS/5.9.0/CMSIS/Core/Include
  C:/Users/dinhp/AppData/Local/Arm/Packs/Keil/S32_SDK_DFP/1.5.0/platform/devices
  C:/Users/dinhp/AppData/Local/Arm/Packs/Keil/S32_SDK_DFP/1.5.0/platform/devices/common

<h2>Collection of Component Files used:</h2>

   * Component: ARM::CMSIS:CORE@5.6.0

   * Component: Keil::Device:Startup@2.0.0
      Include file:  platform/devices/device_registers.h
      Source file:   platform/devices/startup.c
      Include file:  platform/devices/S32K144/startup/system_S32K144.h
      Source file:   platform/devices/S32K144/startup/armc/startup_S32K144.S
      Source file:   platform/devices/S32K144/startup/system_S32K144.c
Build Time Elapsed:  00:00:02
</pre>
</body>
</html>
